../Core/Src/BMP280.c:24:17:BMP280_ReadRegs	32	static
../Core/Src/BMP280.c:43:17:BMP280_WriteReg	24	static
../Core/Src/BMP280.c:62:6:BMP280_Attach	4	static
../Core/Src/BMP280.c:72:17:BMP280_ReadChipId	0	static
../Core/Src/BMP280.c:77:17:BMP280_SoftReset	8	static
../Core/Src/BMP280.c:108:17:BMP280_Init	56	static
../Core/Src/BMP280.c:139:17:BMP280_TriggerForcedMeasurement	16	static
../Core/Src/BMP280.c:149:17:BMP280_WaitMeasuring	24	static
../Core/Src/BMP280.c:168:17:BMP280_ReadRaw	24	static
../Core/Src/BMP280.c:218:17:BMP280_ReadCompensated	40	static
../Core/Src/BMP280.c:232:17:BMP280_ReadFloat	24	static
../Core/Src/BMP280.c:247:7:BMP280_CalculateAltitude	8	static
../Core/Src/BMP280.c:255:17:BMP280_ReadAltitude	24	static
