../Core/Src/LoRa.c:19:6:newLoRa	0	static
../Core/Src/LoRa.c:45:6:LoRa_reset	8	static
../Core/Src/LoRa.c:107:6:LoRa_readReg	24	static
../Core/Src/LoRa.c:133:6:LoRa_writeReg	24	static
../Core/Src/LoRa.c:339:9:LoRa_read	24	static
../Core/Src/LoRa.c:362:6:LoRa_write	24	static
../Core/Src/LoRa.c:63:6:LoRa_gotoMode	16	static
../Core/Src/LoRa.c:155:6:LoRa_setLowDaraRateOptimization	16	static
../Core/Src/LoRa.c:180:6:LoRa_setAutoLDO	88	static
../Core/Src/LoRa.c:197:6:LoRa_setFrequency	16	static
../Core/Src/LoRa.c:229:6:LoRa_setSpreadingFactor	16	static
../Core/Src/LoRa.c:259:6:LoRa_setPower	8	static
../Core/Src/LoRa.c:275:6:LoRa_setOCP	8	static
../Core/Src/LoRa.c:303:6:LoRa_setTOMsb_setCRCon	8	static
../Core/Src/LoRa.c:323:6:LoRa_setSyncWord	8	static
../Core/Src/LoRa.c:384:6:LoRa_BurstWrite	24	static
../Core/Src/LoRa.c:412:9:LoRa_isvalid	0	static
../Core/Src/LoRa.c:429:9:LoRa_transmit	24	static
../Core/Src/LoRa.c:466:6:LoRa_startReceiving	0	static
../Core/Src/LoRa.c:482:9:LoRa_receive	24	static
../Core/Src/LoRa.c:515:5:LoRa_getRSSI	8	static
../Core/Src/LoRa.c:531:10:LoRa_init	16	static
