../Core/Src/MPU9250.c:53:6:MPU_REG_WRITE	16	static
../Core/Src/MPU9250.c:67:6:MPU_REG_READ	24	static
../Core/Src/MPU9250.c:79:6:MPU_CS	0	static
../Core/Src/MPU9250.c:88:6:MPU_writeAccFullScaleRange	16	static
../Core/Src/MPU9250.c:129:6:MPU_writeGyroFullScaleRange	16	static
../Core/Src/MPU9250.c:14:9:MPU_begin	32	static
../Core/Src/MPU9250.c:169:6:MPU_readRawData	32	static
../Core/Src/MPU9250.c:191:6:MPU_calibrateGyro	32	static
../Core/Src/MPU9250.c:223:6:MPU_readProcessedData	8	static
../Core/Src/MPU9250.c:247:6:MPU_calcAttitude	24	static
