Archive member included to satisfy reference by file (symbol)

C:/ST/STM32CubeIDE_2.2.0/STM32CubeIDE/plugins/com.st.stm32cube.ide.mcu.externaltools.gnu-tools-for-stm32.14.3.rel1.win32_1.0.100.202602081740/tools/bin/../lib/gcc/arm-none-eabi/14.3.1/../../../../arm-none-eabi/lib/thumb/v7e-m+fp/hard\libc_nano.a(libc_a-exit.o)
                              C:/ST/STM32CubeIDE_2.2.0/STM32CubeIDE/plugins/com.st.stm32cube.ide.mcu.externaltools.gnu-tools-for-stm32.14.3.rel1.win32_1.0.100.202602081740/tools/bin/../lib/gcc/arm-none-eabi/14.3.1/../../../../arm-none-eabi/lib/thumb/v7e-m+fp/hard/crt0.o (exit)
C:/ST/STM32CubeIDE_2.2.0/STM32CubeIDE/plugins/com.st.stm32cube.ide.mcu.externaltools.gnu-tools-for-stm32.14.3.rel1.win32_1.0.100.202602081740/tools/bin/../lib/gcc/arm-none-eabi/14.3.1/../../../../arm-none-eabi/lib/thumb/v7e-m+fp/hard\libc_nano.a(libc_a-findfp.o)
                              C:/ST/STM32CubeIDE_2.2.0/STM32CubeIDE/plugins/com.st.stm32cube.ide.mcu.externaltools.gnu-tools-for-stm32.14.3.rel1.win32_1.0.100.202602081740/tools/bin/../lib/gcc/arm-none-eabi/14.3.1/../../../../arm-none-eabi/lib/thumb/v7e-m+fp/hard\libc_nano.a(libc_a-exit.o) (__stdio_exit_handler)
C:/ST/STM32CubeIDE_2.2.0/STM32CubeIDE/plugins/com.st.stm32cube.ide.mcu.externaltools.gnu-tools-for-stm32.14.3.rel1.win32_1.0.100.202602081740/tools/bin/../lib/gcc/arm-none-eabi/14.3.1/../../../../arm-none-eabi/lib/thumb/v7e-m+fp/hard\libc_nano.a(libc_a-fwalk.o)
                              C:/ST/STM32CubeIDE_2.2.0/STM32CubeIDE/plugins/com.st.stm32cube.ide.mcu.externaltools.gnu-tools-for-stm32.14.3.rel1.win32_1.0.100.202602081740/tools/bin/../lib/gcc/arm-none-eabi/14.3.1/../../../../arm-none-eabi/lib/thumb/v7e-m+fp/hard\libc_nano.a(libc_a-findfp.o) (_fwalk_sglue)
C:/ST/STM32CubeIDE_2.2.0/STM32CubeIDE/plugins/com.st.stm32cube.ide.mcu.externaltools.gnu-tools-for-stm32.14.3.rel1.win32_1.0.100.202602081740/tools/bin/../lib/gcc/arm-none-eabi/14.3.1/../../../../arm-none-eabi/lib/thumb/v7e-m+fp/hard\libc_nano.a(libc_a-sprintf.o)
                              ./Core/Src/gps.o (sprintf)
C:/ST/STM32CubeIDE_2.2.0/STM32CubeIDE/plugins/com.st.stm32cube.ide.mcu.externaltools.gnu-tools-for-stm32.14.3.rel1.win32_1.0.100.202602081740/tools/bin/../lib/gcc/arm-none-eabi/14.3.1/../../../../arm-none-eabi/lib/thumb/v7e-m+fp/hard\libc_nano.a(libc_a-sscanf.o)
                              ./Core/Src/gps.o (sscanf)
C:/ST/STM32CubeIDE_2.2.0/STM32CubeIDE/plugins/com.st.stm32cube.ide.mcu.externaltools.gnu-tools-for-stm32.14.3.rel1.win32_1.0.100.202602081740/tools/bin/../lib/gcc/arm-none-eabi/14.3.1/../../../../arm-none-eabi/lib/thumb/v7e-m+fp/hard\libc_nano.a(libc_a-stdio.o)
                              C:/ST/STM32CubeIDE_2.2.0/STM32CubeIDE/plugins/com.st.stm32cube.ide.mcu.externaltools.gnu-tools-for-stm32.14.3.rel1.win32_1.0.100.202602081740/tools/bin/../lib/gcc/arm-none-eabi/14.3.1/../../../../arm-none-eabi/lib/thumb/v7e-m+fp/hard\libc_nano.a(libc_a-findfp.o) (__sread)
C:/ST/STM32CubeIDE_2.2.0/STM32CubeIDE/plugins/com.st.stm32cube.ide.mcu.externaltools.gnu-tools-for-stm32.14.3.rel1.win32_1.0.100.202602081740/tools/bin/../lib/gcc/arm-none-eabi/14.3.1/../../../../arm-none-eabi/lib/thumb/v7e-m+fp/hard\libc_nano.a(libc_a-vsnprintf.o)
                              ./Core/Src/main.o (vsnprintf)
C:/ST/STM32CubeIDE_2.2.0/STM32CubeIDE/plugins/com.st.stm32cube.ide.mcu.externaltools.gnu-tools-for-stm32.14.3.rel1.win32_1.0.100.202602081740/tools/bin/../lib/gcc/arm-none-eabi/14.3.1/../../../../arm-none-eabi/lib/thumb/v7e-m+fp/hard\libc_nano.a(libc_a-memset.o)
                              C:/ST/STM32CubeIDE_2.2.0/STM32CubeIDE/plugins/com.st.stm32cube.ide.mcu.externaltools.gnu-tools-for-stm32.14.3.rel1.win32_1.0.100.202602081740/tools/bin/../lib/gcc/arm-none-eabi/14.3.1/../../../../arm-none-eabi/lib/thumb/v7e-m+fp/hard/crt0.o (memset)
C:/ST/STM32CubeIDE_2.2.0/STM32CubeIDE/plugins/com.st.stm32cube.ide.mcu.externaltools.gnu-tools-for-stm32.14.3.rel1.win32_1.0.100.202602081740/tools/bin/../lib/gcc/arm-none-eabi/14.3.1/../../../../arm-none-eabi/lib/thumb/v7e-m+fp/hard\libc_nano.a(libc_a-strncmp.o)
                              ./Core/Src/gps.o (strncmp)
C:/ST/STM32CubeIDE_2.2.0/STM32CubeIDE/plugins/com.st.stm32cube.ide.mcu.externaltools.gnu-tools-for-stm32.14.3.rel1.win32_1.0.100.202602081740/tools/bin/../lib/gcc/arm-none-eabi/14.3.1/../../../../arm-none-eabi/lib/thumb/v7e-m+fp/hard\libc_nano.a(libc_a-closer.o)
                              C:/ST/STM32CubeIDE_2.2.0/STM32CubeIDE/plugins/com.st.stm32cube.ide.mcu.externaltools.gnu-tools-for-stm32.14.3.rel1.win32_1.0.100.202602081740/tools/bin/../lib/gcc/arm-none-eabi/14.3.1/../../../../arm-none-eabi/lib/thumb/v7e-m+fp/hard\libc_nano.a(libc_a-stdio.o) (_close_r)
C:/ST/STM32CubeIDE_2.2.0/STM32CubeIDE/plugins/com.st.stm32cube.ide.mcu.externaltools.gnu-tools-for-stm32.14.3.rel1.win32_1.0.100.202602081740/tools/bin/../lib/gcc/arm-none-eabi/14.3.1/../../../../arm-none-eabi/lib/thumb/v7e-m+fp/hard\libc_nano.a(libc_a-reent.o)
[...]
Memory Configuration

Name             Origin             Length             Attributes
RAM              0x20000000         0x00020000         xrw
FLASH            0x08000000         0x00040000         xr
*default*        0x00000000         0xffffffff

Linker script and memory map

LOAD C:/ST/STM32CubeIDE_2.2.0/STM32CubeIDE/plugins/com.st.stm32cube.ide.mcu.externaltools.gnu-tools-for-stm32.14.3.rel1.win32_1.0.100.202602081740/tools/bin/../lib/gcc/arm-none-eabi/14.3.1/thumb/v7e-m+fp/hard/crti.o
LOAD C:/ST/STM32CubeIDE_2.2.0/STM32CubeIDE/plugins/com.st.stm32cube.ide.mcu.externaltools.gnu-tools-for-stm32.14.3.rel1.win32_1.0.100.202602081740/tools/bin/../lib/gcc/arm-none-eabi/14.3.1/thumb/v7e-m+fp/hard/crtbegin.o
LOAD C:/ST/STM32CubeIDE_2.2.0/STM32CubeIDE/plugins/com.st.stm32cube.ide.mcu.externaltools.gnu-tools-for-stm32.14.3.rel1.win32_1.0.100.202602081740/tools/bin/../lib/gcc/arm-none-eabi/14.3.1/../../../../arm-none-eabi/lib/thumb/v7e-m+fp/hard/crt0.o
LOAD ./Core/Src/BMP280.o
LOAD ./Core/Src/LoRa.o
LOAD ./Core/Src/MPU9250.o
LOAD ./Core/Src/gps.o
LOAD ./Core/Src/main.o
LOAD ./Core/Src/qmc5883p.o
LOAD ./Core/Src/sdcard.o
LOAD ./Core/Src/stm32f4xx_hal_msp.o
LOAD ./Core/Src/stm32f4xx_it.o
LOAD ./Core/Src/syscalls.o
LOAD ./Core/Src/sysmem.o
LOAD ./Core/Src/system_stm32f4xx.o
LOAD ./Core/Startup/startup_stm32f411ccux.o
LOAD ./Drivers/STM32F4xx_HAL_Driver/Src/stm32f4xx_hal.o
LOAD ./Drivers/STM32F4xx_HAL_Driver/Src/stm32f4xx_hal_cortex.o
LOAD ./Drivers/STM32F4xx_HAL_Driver/Src/stm32f4xx_hal_dma.o
LOAD ./Drivers/STM32F4xx_HAL_Driver/Src/stm32f4xx_hal_dma_ex.o
LOAD ./Drivers/STM32F4xx_HAL_Driver/Src/stm32f4xx_hal_exti.o
LOAD ./Drivers/STM32F4xx_HAL_Driver/Src/stm32f4xx_hal_flash.o
LOAD ./Drivers/STM32F4xx_HAL_Driver/Src/stm32f4xx_hal_flash_ex.o
LOAD ./Drivers/STM32F4xx_HAL_Driver/Src/stm32f4xx_hal_flash_ramfunc.o
LOAD ./Drivers/STM32F4xx_HAL_Driver/Src/stm32f4xx_hal_gpio.o
LOAD ./Drivers/STM32F4xx_HAL_Driver/Src/stm32f4xx_hal_i2c.o
LOAD ./Drivers/STM32F4xx_HAL_Driver/Src/stm32f4xx_hal_i2c_ex.o
LOAD ./Drivers/STM32F4xx_HAL_Driver/Src/stm32f4xx_hal_pcd.o
LOAD ./Drivers/STM32F4xx_HAL_Driver/Src/stm32f4xx_hal_pcd_ex.o
LOAD ./Drivers/STM32F4xx_HAL_Driver/Src/stm32f4xx_hal_pwr.o
LOAD ./Drivers/STM32F4xx_HAL_Driver/Src/stm32f4xx_hal_pwr_ex.o
LOAD ./Drivers/STM32F4xx_HAL_Driver/Src/stm32f4xx_hal_rcc.o
LOAD ./Drivers/STM32F4xx_HAL_Driver/Src/stm32f4xx_hal_rcc_ex.o
LOAD ./Drivers/STM32F4xx_HAL_Driver/Src/stm32f4xx_hal_spi.o
LOAD ./Drivers/STM32F4xx_HAL_Driver/Src/stm32f4xx_hal_uart.o
LOAD ./Drivers/STM32F4xx_HAL_Driver/Src/stm32f4xx_ll_usb.o
LOAD ./Middlewares/ST/STM32_USB_Device_Library/Class/CDC/Src/usbd_cdc.o
LOAD ./Middlewares/ST/STM32_USB_Device_Library/Core/Src/usbd_core.o
LOAD ./Middlewares/ST/STM32_USB_Device_Library/Core/Src/usbd_ctlreq.o
LOAD ./Middlewares/ST/STM32_USB_Device_Library/Core/Src/usbd_ioreq.o
LOAD ./USB_DEVICE/App/usb_device.o
LOAD ./USB_DEVICE/App/usbd_cdc_if.o
LOAD ./USB_DEVICE/App/usbd_desc.o
LOAD ./USB_DEVICE/Target/usbd_conf.o
START GROUP
LOAD C:/ST/STM32CubeIDE_2.2.0/STM32CubeIDE/plugins/com.st.stm32cube.ide.mcu.externaltools.gnu-tools-for-stm32.14.3.rel1.win32_1.0.100.202602081740/tools/bin/../lib/gcc/arm-none-eabi/14.3.1/../../../../arm-none-eabi/lib/thumb/v7e-m+fp/hard\libc_nano.a
LOAD C:/ST/STM32CubeIDE_2.2.0/STM32CubeIDE/plugins/com.st.stm32cube.ide.mcu.externaltools.gnu-tools-for-stm32.14.3.rel1.win32_1.0.100.202602081740/tools/bin/../lib/gcc/arm-none-eabi/14.3.1/../../../../arm-none-eabi/lib/thumb/v7e-m+fp/hard\libm.a
END GROUP
START GROUP
LOAD C:/ST/STM32CubeIDE_2.2.0/STM32CubeIDE/plugins/com.st.stm32cube.ide.mcu.externaltools.gnu-tools-for-stm32.14.3.rel1.win32_1.0.100.202602081740/tools/bin/../lib/gcc/arm-none-eabi/14.3.1/thumb/v7e-m+fp/hard\libgcc.a
LOAD C:/ST/STM32CubeIDE_2.2.0/STM32CubeIDE/plugins/com.st.stm32cube.ide.mcu.externaltools.gnu-tools-for-stm32.14.3.rel1.win32_1.0.100.202602081740/tools/bin/../lib/gcc/arm-none-eabi/14.3.1/../../../../arm-none-eabi/lib/thumb/v7e-m+fp/hard\libc_nano.a
END GROUP
START GROUP
LOAD C:/ST/STM32CubeIDE_2.2.0/STM32CubeIDE/plugins/com.st.stm32cube.ide.mcu.externaltools.gnu-tools-for-stm32.14.3.rel1.win32_1.0.100.202602081740/tools/bin/../lib/gcc/arm-none-eabi/14.3.1/thumb/v7e-m+fp/hard\libgcc.a
LOAD C:/ST/STM32CubeIDE_2.2.0/STM32CubeIDE/plugins/com.st.stm32cube.ide.mcu.externaltools.gnu-tools-for-stm32.14.3.rel1.win32_1.0.100.202602081740/tools/bin/../lib/gcc/arm-none-eabi/14.3.1/../../../../arm-none-eabi/lib/thumb/v7e-m+fp/hard\libc_nano.a
LOAD C:/ST/STM32CubeIDE_2.2.0/STM32CubeIDE/plugins/com.st.stm32cube.ide.mcu.externaltools.gnu-tools-for-stm32.14.3.rel1.win32_1.0.100.202602081740/tools/bin/../lib/gcc/arm-none-eabi/14.3.1/../../../../arm-none-eabi/lib/thumb/v7e-m+fp/hard\libnosys.a
END GROUP
START GROUP
LOAD C:/ST/STM32CubeIDE_2.2.0/STM32CubeIDE/plugins/com.st.stm32cube.ide.mcu.externaltools.gnu-tools-for-stm32.14.3.rel1.win32_1.0.100.202602081740/tools/bin/../lib/gcc/arm-none-eabi/14.3.1/thumb/v7e-m+fp/hard\libgcc.a
LOAD C:/ST/STM32CubeIDE_2.2.0/STM32CubeIDE/plugins/com.st.stm32cube.ide.mcu.externaltools.gnu-tools-for-stm32.14.3.rel1.win32_1.0.100.202602081740/tools/bin/../lib/gcc/arm-none-eabi/14.3.1/../../../../arm-none-eabi/lib/thumb/v7e-m+fp/hard\libc_nano.a
LOAD C:/ST/STM32CubeIDE_2.2.0/STM32CubeIDE/plugins/com.st.stm32cube.ide.mcu.externaltools.gnu-tools-for-stm32.14.3.rel1.win32_1.0.100.202602081740/tools/bin/../lib/gcc/arm-none-eabi/14.3.1/../../../../arm-none-eabi/lib/thumb/v7e-m+fp/hard\libnosys.a
END GROUP
LOAD C:/ST/STM32CubeIDE_2.2.0/STM32CubeIDE/plugins/com.st.stm32cube.ide.mcu.externaltools.gnu-tools-for-stm32.14.3.rel1.win32_1.0.100.202602081740/tools/bin/../lib/gcc/arm-none-eabi/14.3.1/thumb/v7e-m+fp/hard/crtend.o
LOAD C:/ST/STM32CubeIDE_2.2.0/STM32CubeIDE/plugins/com.st.stm32cube.ide.mcu.externaltools.gnu-tools-for-stm32.14.3.rel1.win32_1.0.100.202602081740/tools/bin/../lib/gcc/arm-none-eabi/14.3.1/thumb/v7e-m+fp/hard/crtn.o
                0x20020000                        _estack = (ORIGIN (RAM) + LENGTH (RAM))
                0x00000200                        _Min_Heap_Size = 0x200
                0x00000400                        _Min_Stack_Size = 0x400

.isr_vector     0x08000000      0x198
                0x08000000                        . = ALIGN (0x4)
 *(.isr_vector)
 .isr_vector    0x08000000      0x198 ./Core/Startup/startup_stm32f411ccux.o
                0x08000000                g_pfnVectors
                0x08000198                        . = ALIGN (0x4)

.text           0x080001a0     0xd750
                0x080001a0                        . = ALIGN (0x4)
 *(.text)
 .text          0x080001a0       0x40 C:/ST/STM32CubeIDE_2.2.0/STM32CubeIDE/plugins/com.st.stm32cube.ide.mcu.externaltools.gnu-tools-for-stm32.14.3.rel1.win32_1.0.100.202602081740/tools/bin/../lib/gcc/arm-none-eabi/14.3.1/thumb/v7e-m+fp/hard/crtbegin.o
 .text          0x080001e0       0x10 C:/ST/STM32CubeIDE_2.2.0/STM32CubeIDE/plugins/com.st.stm32cube.ide.mcu.externaltools.gnu-tools-for-stm32.14.3.rel1.win32_1.0.100.202602081740/tools/bin/../lib/gcc/arm-none-eabi/14.3.1/../../../../arm-none-eabi/lib/thumb/v7e-m+fp/hard\libc_nano.a(libc_a-strlen.o)
                0x080001e0                strlen
 .text          0x080001f0       0xa0 C:/ST/STM32CubeIDE_2.2.0/STM32CubeIDE/plugins/com.st.stm32cube.ide.mcu.externaltools.gnu-tools-for-stm32.14.3.rel1.win32_1.0.100.202602081740/tools/bin/../lib/gcc/arm-none-eabi/14.3.1/../../../../arm-none-eabi/lib/thumb/v7e-m+fp/hard\libc_nano.a(libc_a-memchr.o)
                0x080001f0                memchr
 .text          0x08000290      0x378 C:/ST/STM32CubeIDE_2.2.0/STM32CubeIDE/plugins/com.st.stm32cube.ide.mcu.externaltools.gnu-tools-for-stm32.14.3.rel1.win32_1.0.100.202602081740/tools/bin/../lib/gcc/arm-none-eabi/14.3.1/thumb/v7e-m+fp/hard\libgcc.a(_arm_addsubdf3.o)
                0x08000290                __aeabi_drsub
                0x08000298                __aeabi_dsub
                0x08000298                __subdf3
                0x0800029c                __aeabi_dadd
                0x0800029c                __adddf3
                0x08000514                __floatunsidf
                0x08000514                __aeabi_ui2d
                0x08000534                __floatsidf
                0x08000534                __aeabi_i2d
                0x08000558                __aeabi_f2d
                0x08000558                __extendsfdf2
                0x0800059c                __floatundidf
                0x0800059c                __aeabi_ul2d
                0x080005ac                __floatdidf
                0x080005ac                __aeabi_l2d
 .text          0x08000608      0x424 C:/ST/STM32CubeIDE_2.2.0/STM32CubeIDE/plugins/com.st.stm32cube.ide.mcu.externaltools.gnu-tools-for-stm32.14.3.rel1.win32_1.0.100.202602081740/tools/bin/../lib/gcc/arm-none-eabi/14.3.1/thumb/v7e-m+fp/hard\libgcc.a(_arm_muldivdf3.o)
                0x08000608                __aeabi_dmul
                0x08000608                __muldf3
                0x0800085c                __divdf3
                0x0800085c                __aeabi_ddiv
 .text          0x08000a2c      0x110 C:/ST/STM32CubeIDE_2.2.0/STM32CubeIDE/plugins/com.st.stm32cube.ide.mcu.externaltools.gnu-tools-for-stm32.14.3.rel1.win32_1.0.100.202602081740/tools/bin/../lib/gcc/arm-none-eabi/14.3.1/thumb/v7e-m+fp/hard\libgcc.a(_arm_cmpdf2.o)
                0x08000a2c                __gtdf2
                0x08000a2c                __gedf2
                0x08000a34                __ltdf2
                0x08000a34                __ledf2
                0x08000a3c                __nedf2
                0x08000a3c                __eqdf2
                0x08000a3c                __cmpdf2
                0x08000ab8                __aeabi_cdrcmple
                0x08000ac8                __aeabi_cdcmpeq
                0x08000ac8                __aeabi_cdcmple
                0x08000ad8                __aeabi_dcmpeq
                0x08000aec                __aeabi_dcmplt
                0x08000b00                __aeabi_dcmple
                0x08000b14                __aeabi_dcmpge
                0x08000b28                __aeabi_dcmpgt
 .text          0x08000b3c       0x50 C:/ST/STM32CubeIDE_2.2.0/STM32CubeIDE/plugins/com.st.stm32cube.ide.mcu.externaltools.gnu-tools-for-stm32.14.3.rel1.win32_1.0.100.202602081740/tools/bin/../lib/gcc/arm-none-eabi/14.3.1/thumb/v7e-m+fp/hard\libgcc.a(_arm_fixdfsi.o)
                0x08000b3c                __aeabi_d2iz
                0x08000b3c                __fixdfsi
 .text          0x08000b8c       0xa0 C:/ST/STM32CubeIDE_2.2.0/STM32CubeIDE/plugins/com.st.stm32cube.ide.mcu.externaltools.gnu-tools-for-stm32.14.3.rel1.win32_1.0.100.202602081740/tools/bin/../lib/gcc/arm-none-eabi/14.3.1/thumb/v7e-m+fp/hard\libgcc.a(_arm_truncdfsf2.o)
                0x08000b8c                __truncdfsf2
                0x08000b8c                __aeabi_d2f
 .text          0x08000c2c       0xa0 C:/ST/STM32CubeIDE_2.2.0/STM32CubeIDE/plugins/com.st.stm32cube.ide.mcu.externaltools.gnu-tools-for-stm32.14.3.rel1.win32_1.0.100.202602081740/tools/bin/../lib/gcc/arm-none-eabi/14.3.1/thumb/v7e-m+fp/hard\libgcc.a(_aeabi_ldivmod.o)
                0x08000c2c                __aeabi_ldivmod
 .text          0x08000ccc       0x30 C:/ST/STM32CubeIDE_2.2.0/STM32CubeIDE/plugins/com.st.stm32cube.ide.mcu.externaltools.gnu-tools-for-stm32.14.3.rel1.win32_1.0.100.202602081740/tools/bin/../lib/gcc/arm-none-eabi/14.3.1/thumb/v7e-m+fp/hard\libgcc.a(_aeabi_uldivmod.o)
                0x08000ccc                __aeabi_uldivmod
 .text          0x08000cfc      0x2f8 C:/ST/STM32CubeIDE_2.2.0/STM32CubeIDE/plugins/com.st.stm32cube.ide.mcu.externaltools.gnu-tools-for-stm32.14.3.rel1.win32_1.0.100.202602081740/tools/bin/../lib/gcc/arm-none-eabi/14.3.1/thumb/v7e-m+fp/hard\libgcc.a(_udivmoddi4.o)
                0x08000cfc                __udivmoddi4
 .text          0x08000ff4        0x4 C:/ST/STM32CubeIDE_2.2.0/STM32CubeIDE/plugins/com.st.stm32cube.ide.mcu.externaltools.gnu-tools-for-stm32.14.3.rel1.win32_1.0.100.202602081740/tools/bin/../lib/gcc/arm-none-eabi/14.3.1/thumb/v7e-m+fp/hard\libgcc.a(_dvmd_tls.o)
                0x08000ff4                __aeabi_idiv0
                0x08000ff4                __aeabi_ldiv0
 *(.text*)
 .text.bmp280_cs_low
                0x08000ff8       0x20 ./Core/Src/BMP280.o
 .text.bmp280_cs_high
                0x08001018       0x20 ./Core/Src/BMP280.o
 .text.BMP280_ReadRegs
                0x08001038       0x74 ./Core/Src/BMP280.o
                0x08001038                BMP280_ReadRegs
 .text.BMP280_WriteReg
                0x080010ac       0x5c ./Core/Src/BMP280.o
                0x080010ac                BMP280_WriteReg
 .text.BMP280_Attach
                0x08001108       0x34 ./Core/Src/BMP280.o
                0x08001108                BMP280_Attach
 .text.BMP280_ReadChipId
                0x0800113c       0x20 ./Core/Src/BMP280.o
                0x0800113c                BMP280_ReadChipId
 .text.BMP280_SoftReset
                0x0800115c       0x30 ./Core/Src/BMP280.o
                0x0800115c                BMP280_SoftReset
 .text.bmp280_read_calibration
                0x0800118c      0x130 ./Core/Src/BMP280.o
 .text.BMP280_Init
                0x080012bc       0xdc ./Core/Src/BMP280.o
                0x080012bc                BMP280_Init
 .text.BMP280_ReadRaw
                0x08001398       0x62 ./Core/Src/BMP280.o
                0x08001398                BMP280_ReadRaw
 .text.bmp280_compensate_T_int32
                0x080013fa       0x74 ./Core/Src/BMP280.o
 .text.bmp280_compensate_P_int64
                0x0800146e      0x568 ./Core/Src/BMP280.o
 .text.BMP280_ReadCompensated
                0x080019d6       0x54 ./Core/Src/BMP280.o
                0x080019d6                BMP280_ReadCompensated
 *fill*         0x08001a2a        0x2 
 .text.newLoRa  0x08001a2c       0x5c ./Core/Src/LoRa.o
                0x08001a2c                newLoRa
 .text.LoRa_reset
                0x08001a88       0x3c ./Core/Src/LoRa.o
                0x08001a88                LoRa_reset
 .text.LoRa_gotoMode
                0x08001ac4       0xc2 ./Core/Src/LoRa.o
                0x08001ac4                LoRa_gotoMode
 .text.LoRa_readReg
                0x08001b86       0x7c ./Core/Src/LoRa.o
                0x08001b86                LoRa_readReg
 .text.LoRa_writeReg
                0x08001c02       0x7c ./Core/Src/LoRa.o
                0x08001c02                LoRa_writeReg
 .text.LoRa_setLowDaraRateOptimization
                0x08001c7e       0x4a ./Core/Src/LoRa.o
                0x08001c7e                LoRa_setLowDaraRateOptimization
 .text.LoRa_setAutoLDO
                0x08001cc8       0x6c ./Core/Src/LoRa.o
                0x08001cc8                LoRa_setAutoLDO
 .text.LoRa_setFrequency
                0x08001d34       0x60 ./Core/Src/LoRa.o
                0x08001d34                LoRa_setFrequency
 .text.LoRa_setSpreadingFactor
                0x08001d94       0x64 ./Core/Src/LoRa.o
                0x08001d94                LoRa_setSpreadingFactor
 .text.LoRa_setPower
                0x08001df8       0x26 ./Core/Src/LoRa.o
                0x08001df8                LoRa_setPower
 *fill*         0x08001e1e        0x2 
 .text.LoRa_setOCP
                0x08001e20       0x7c ./Core/Src/LoRa.o
                0x08001e20                LoRa_setOCP
 .text.LoRa_setTOMsb_setCRCon
                0x08001e9c       0x36 ./Core/Src/LoRa.o
                0x08001e9c                LoRa_setTOMsb_setCRCon
 .text.LoRa_read
                0x08001ed2       0x34 ./Core/Src/LoRa.o
                0x08001ed2                LoRa_read
 .text.LoRa_write
                0x08001f06       0x3a ./Core/Src/LoRa.o
                0x08001f06                LoRa_write
 .text.LoRa_isvalid
                0x08001f40       0x16 ./Core/Src/LoRa.o
                0x08001f40                LoRa_isvalid
 .text.LoRa_startReceiving
                0x08001f56       0x18 ./Core/Src/LoRa.o
                0x08001f56                LoRa_startReceiving
 .text.LoRa_init
                0x08001f6e      0x14e ./Core/Src/LoRa.o
                0x08001f6e                LoRa_init
 .text.MPU_begin
                0x080020bc       0xb0 ./Core/Src/MPU9250.o
                0x080020bc                MPU_begin
 .text.MPU_REG_WRITE
                0x0800216c       0x50 ./Core/Src/MPU9250.o
                0x0800216c                MPU_REG_WRITE
 .text.MPU_REG_READ
                0x080021bc       0x5c ./Core/Src/MPU9250.o
                0x080021bc                MPU_REG_READ
 .text.MPU_writeAccFullScaleRange
                0x08002218       0xd0 ./Core/Src/MPU9250.o
                0x08002218                MPU_writeAccFullScaleRange
 .text.MPU_writeGyroFullScaleRange
                0x080022e8       0xd4 ./Core/Src/MPU9250.o
                0x080022e8                MPU_writeGyroFullScaleRange
 .text.MPU_readRawData
                0x080023bc       0x9c ./Core/Src/MPU9250.o
                0x080023bc                MPU_readRawData
 .text.MPU_calibrateGyro
                0x08002458       0xd2 ./Core/Src/MPU9250.o
                0x08002458                MPU_calibrateGyro
 .text.MPU_readProcessedData
                0x0800252a      0x110 ./Core/Src/MPU9250.o
                0x0800252a                MPU_readProcessedData
 *fill*         0x0800263a        0x6 
 .text.MPU_calcAttitude
                0x08002640      0x158 ./Core/Src/MPU9250.o
                0x08002640                MPU_calcAttitude
 .text.GPS_Init
                0x08002798       0x1c ./Core/Src/gps.o
                0x08002798                GPS_Init
 .text.USB_Printf
                0x080027b4       0x46 ./Core/Src/main.o
                0x080027b4                USB_Printf
 *fill*         0x080027fa        0x2 
 .text.main     0x080027fc      0x684 ./Core/Src/main.o
                0x080027fc                main
 .text.SystemClock_Config
                0x08002e80       0xd0 ./Core/Src/main.o
                0x08002e80                SystemClock_Config
 .text.MX_I2C1_Init
                0x08002f50       0x5c ./Core/Src/main.o
 .text.MX_SPI2_Init
                0x08002fac       0x6c ./Core/Src/main.o
 .text.MX_USART1_UART_Init
                0x08003018       0x64 ./Core/Src/main.o
 .text.MX_GPIO_Init
                0x0800307c      0x14c ./Core/Src/main.o
 .text.Error_Handler
                0x080031c8        0xc ./Core/Src/main.o
                0x080031c8                Error_Handler
 .text.qmc5883p_init
                0x080031d4       0xdc ./Core/Src/qmc5883p.o
                0x080031d4                qmc5883p_init
 .text.qmc5883p_read_reg
                0x080032b0       0x48 ./Core/Src/qmc5883p.o
                0x080032b0                qmc5883p_read_reg
 .text.qmc5883p_write_reg
                0x080032f8       0x42 ./Core/Src/qmc5883p.o
                0x080032f8                qmc5883p_write_reg
 .text.qmc5883p_read_raw
                0x0800333a       0x76 ./Core/Src/qmc5883p.o
                0x0800333a                qmc5883p_read_raw
 .text.qmc5883p_read_xyz
                0x080033b0       0xcc ./Core/Src/qmc5883p.o
                0x080033b0                qmc5883p_read_xyz
 .text.qmc5883p_get_heading
                0x0800347c      0x100 ./Core/Src/qmc5883p.o
                0x0800347c                qmc5883p_get_heading
 .text.qmc5883p_set_offsets
                0x0800357c       0x32 ./Core/Src/qmc5883p.o
                0x0800357c                qmc5883p_set_offsets
 .text.qmc5883p_set_scales
                0x080035ae       0x32 ./Core/Src/qmc5883p.o
                0x080035ae                qmc5883p_set_scales
 .text.SDCARD_Select
                0x080035e0       0x18 ./Core/Src/sdcard.o
 .text.SDCARD_Unselect
                0x080035f8       0x18 ./Core/Src/sdcard.o
                0x080035f8                SDCARD_Unselect
 .text.SDCARD_ReadR1
                0x08003610       0x38 ./Core/Src/sdcard.o
 .text.SDCARD_WaitDataToken
                0x08003648       0x48 ./Core/Src/sdcard.o
 .text.SDCARD_ReadBytes
                0x08003690       0x44 ./Core/Src/sdcard.o
 .text.SDCARD_WaitNotBusy
                0x080036d4       0x2c ./Core/Src/sdcard.o
 .text.SDCARD_Init
                0x08003700      0x1d8 ./Core/Src/sdcard.o
                0x08003700                SDCARD_Init
 .text.SDCARD_GetBlocksNumber
                0x080038d8       0xe0 ./Core/Src/sdcard.o
                0x080038d8                SDCARD_GetBlocksNumber
 .text.SDCARD_ReadSingleBlock
                0x080039b8       0xcc ./Core/Src/sdcard.o
                0x080039b8                SDCARD_ReadSingleBlock
 .text.SDCARD_WriteSingleBlock
                0x08003a84       0xec ./Core/Src/sdcard.o
                0x08003a84                SDCARD_WriteSingleBlock
 .text.SDCARD_ReadBegin
                0x08003b70       0x7c ./Core/Src/sdcard.o
                0x08003b70                SDCARD_ReadBegin
 .text.SDCARD_ReadData
                0x08003bec       0x66 ./Core/Src/sdcard.o
                0x08003bec                SDCARD_ReadData
 *fill*         0x08003c52        0x2 
 .text.SDCARD_ReadEnd
                0x08003c54       0x5c ./Core/Src/sdcard.o
                0x08003c54                SDCARD_ReadEnd
 .text.HAL_MspInit
                0x08003cb0       0x50 ./Core/Src/stm32f4xx_hal_msp.o
                0x08003cb0                HAL_MspInit
 .text.HAL_I2C_MspInit
                0x08003d00       0x90 ./Core/Src/stm32f4xx_hal_msp.o
                0x08003d00                HAL_I2C_MspInit
 .text.HAL_SPI_MspInit
                0x08003d90       0x90 ./Core/Src/stm32f4xx_hal_msp.o
                0x08003d90                HAL_SPI_MspInit
 .text.HAL_UART_MspInit
                0x08003e20       0x90 ./Core/Src/stm32f4xx_hal_msp.o
                0x08003e20                HAL_UART_MspInit
 .text.NMI_Handler
                0x08003eb0        0x8 ./Core/Src/stm32f4xx_it.o
                0x08003eb0                NMI_Handler
 .text.HardFault_Handler
                0x08003eb8        0x8 ./Core/Src/stm32f4xx_it.o
                0x08003eb8                HardFault_Handler
 .text.MemManage_Handler
                0x08003ec0        0x8 ./Core/Src/stm32f4xx_it.o
                0x08003ec0                MemManage_Handler
 .text.BusFault_Handler
                0x08003ec8        0x8 ./Core/Src/stm32f4xx_it.o
                0x08003ec8                BusFault_Handler
 .text.UsageFault_Handler
                0x08003ed0        0x8 ./Core/Src/stm32f4xx_it.o
                0x08003ed0                UsageFault_Handler
 .text.SVC_Handler
                0x08003ed8        0xe ./Core/Src/stm32f4xx_it.o
                0x08003ed8                SVC_Handler
 .text.DebugMon_Handler
                0x08003ee6        0xe ./Core/Src/stm32f4xx_it.o
                0x08003ee6                DebugMon_Handler
 .text.PendSV_Handler
                0x08003ef4        0xe ./Core/Src/stm32f4xx_it.o
                0x08003ef4                PendSV_Handler
 .text.SysTick_Handler
                0x08003f02        0xc ./Core/Src/stm32f4xx_it.o
                0x08003f02                SysTick_Handler
 *fill*         0x08003f0e        0x2 
 .text.OTG_FS_IRQHandler
                0x08003f10       0x14 ./Core/Src/stm32f4xx_it.o
                0x08003f10                OTG_FS_IRQHandler
 .text._sbrk    0x08003f24       0x6c ./Core/Src/sysmem.o
                0x08003f24                _sbrk
 .text.SystemInit
                0x08003f90       0x24 ./Core/Src/system_stm32f4xx.o
                0x08003f90                SystemInit
 .text.Reset_Handler
                0x08003fb4       0x50 ./Core/Startup/startup_stm32f411ccux.o
                0x08003fb4                Reset_Handler
 .text.Default_Handler
                0x08004004        0x2 ./Core/Startup/startup_stm32f411ccux.o
                0x08004004                RTC_Alarm_IRQHandler
                0x08004004                EXTI2_IRQHandler
                0x08004004                SPI4_IRQHandler
                0x08004004                TIM1_CC_IRQHandler
                0x08004004                DMA2_Stream5_IRQHandler
                0x08004004                DMA1_Stream5_IRQHandler
                0x08004004                PVD_IRQHandler
                0x08004004                SDIO_IRQHandler
                0x08004004                TAMP_STAMP_IRQHandler
                0x08004004                EXTI3_IRQHandler
                0x08004004                TIM1_UP_TIM10_IRQHandler
                0x08004004                I2C3_ER_IRQHandler
                0x08004004                EXTI0_IRQHandler
                0x08004004                I2C2_EV_IRQHandler
                0x08004004                DMA1_Stream2_IRQHandler
                0x08004004                FPU_IRQHandler
                0x08004004                DMA2_Stream2_IRQHandler
                0x08004004                SPI1_IRQHandler
                0x08004004                TIM1_BRK_TIM9_IRQHandler
                0x08004004                DMA2_Stream3_IRQHandler
                0x08004004                USART6_IRQHandler
                0x08004004                DMA2_Stream0_IRQHandler
                0x08004004                TIM4_IRQHandler
                0x08004004                I2C1_EV_IRQHandler
                0x08004004                DMA1_Stream6_IRQHandler
                0x08004004                DMA1_Stream1_IRQHandler
                0x08004004                TIM3_IRQHandler
                0x08004004                RCC_IRQHandler
                0x08004004                Default_Handler
                0x08004004                EXTI15_10_IRQHandler
                0x08004004                ADC_IRQHandler
                0x08004004                DMA1_Stream7_IRQHandler
                0x08004004                SPI5_IRQHandler
                0x08004004                TIM5_IRQHandler
                0x08004004                DMA2_Stream7_IRQHandler
                0x08004004                I2C3_EV_IRQHandler
                0x08004004                EXTI9_5_IRQHandler
                0x08004004                RTC_WKUP_IRQHandler
                0x08004004                SPI2_IRQHandler
                0x08004004                DMA1_Stream0_IRQHandler
                0x08004004                EXTI4_IRQHandler
                0x08004004                WWDG_IRQHandler
                0x08004004                TIM2_IRQHandler
                0x08004004                OTG_FS_WKUP_IRQHandler
                0x08004004                TIM1_TRG_COM_TIM11_IRQHandler
                0x08004004                EXTI1_IRQHandler
                0x08004004                USART2_IRQHandler
                0x08004004                I2C2_ER_IRQHandler
                0x08004004                DMA2_Stream1_IRQHandler
                0x08004004                FLASH_IRQHandler
                0x08004004                DMA2_Stream4_IRQHandler
                0x08004004                USART1_IRQHandler
                0x08004004                SPI3_IRQHandler
                0x08004004                DMA1_Stream4_IRQHandler
                0x08004004                I2C1_ER_IRQHandler
                0x08004004                DMA2_Stream6_IRQHandler
                0x08004004                DMA1_Stream3_IRQHandler
 *fill*         0x08004006        0x2 
 .text.HAL_Init
                0x08004008       0x44 ./Drivers/STM32F4xx_HAL_Driver/Src/stm32f4xx_hal.o
                0x08004008                HAL_Init
 .text.HAL_InitTick
                0x0800404c       0x60 ./Drivers/STM32F4xx_HAL_Driver/Src/stm32f4xx_hal.o
                0x0800404c                HAL_InitTick
 .text.HAL_IncTick
                0x080040ac       0x28 ./Drivers/STM32F4xx_HAL_Driver/Src/stm32f4xx_hal.o
                0x080040ac                HAL_IncTick
 .text.HAL_GetTick
                0x080040d4       0x18 ./Drivers/STM32F4xx_HAL_Driver/Src/stm32f4xx_hal.o
                0x080040d4                HAL_GetTick
 .text.HAL_Delay
                0x080040ec       0x48 ./Drivers/STM32F4xx_HAL_Driver/Src/stm32f4xx_hal.o
                0x080040ec                HAL_Delay
 .text.__NVIC_SetPriorityGrouping
                0x08004134       0x48 ./Drivers/STM32F4xx_HAL_Driver/Src/stm32f4xx_hal_cortex.o
 .text.__NVIC_GetPriorityGrouping
                0x0800417c       0x1c ./Drivers/STM32F4xx_HAL_Driver/Src/stm32f4xx_hal_cortex.o
 .text.__NVIC_EnableIRQ
                0x08004198       0x3c ./Drivers/STM32F4xx_HAL_Driver/Src/stm32f4xx_hal_cortex.o
 .text.__NVIC_SetPriority
                0x080041d4       0x54 ./Drivers/STM32F4xx_HAL_Driver/Src/stm32f4xx_hal_cortex.o
 .text.NVIC_EncodePriority
                0x08004228       0x66 ./Drivers/STM32F4xx_HAL_Driver/Src/stm32f4xx_hal_cortex.o
 *fill*         0x0800428e        0x2 
 .text.SysTick_Config
                0x08004290       0x44 ./Drivers/STM32F4xx_HAL_Driver/Src/stm32f4xx_hal_cortex.o
 .text.HAL_NVIC_SetPriorityGrouping
                0x080042d4       0x16 ./Drivers/STM32F4xx_HAL_Driver/Src/stm32f4xx_hal_cortex.o
                0x080042d4                HAL_NVIC_SetPriorityGrouping
 .text.HAL_NVIC_SetPriority
                0x080042ea       0x38 ./Drivers/STM32F4xx_HAL_Driver/Src/stm32f4xx_hal_cortex.o
                0x080042ea                HAL_NVIC_SetPriority
 .text.HAL_NVIC_EnableIRQ
                0x08004322       0x1c ./Drivers/STM32F4xx_HAL_Driver/Src/stm32f4xx_hal_cortex.o
                0x08004322                HAL_NVIC_EnableIRQ
 .text.HAL_SYSTICK_Config
                0x0800433e       0x18 ./Drivers/STM32F4xx_HAL_Driver/Src/stm32f4xx_hal_cortex.o
                0x0800433e                HAL_SYSTICK_Config
 *fill*         0x08004356        0x2 
 .text.HAL_GPIO_Init
                0x08004358      0x308 ./Drivers/STM32F4xx_HAL_Driver/Src/stm32f4xx_hal_gpio.o
                0x08004358                HAL_GPIO_Init
 .text.HAL_GPIO_WritePin
                0x08004660       0x32 ./Drivers/STM32F4xx_HAL_Driver/Src/stm32f4xx_hal_gpio.o
                0x08004660                HAL_GPIO_WritePin
 .text.HAL_GPIO_TogglePin
                0x08004692       0x34 ./Drivers/STM32F4xx_HAL_Driver/Src/stm32f4xx_hal_gpio.o
                0x08004692                HAL_GPIO_TogglePin
 *fill*         0x080046c6        0x2 
 .text.HAL_I2C_Init
                0x080046c8      0x288 ./Drivers/STM32F4xx_HAL_Driver/Src/stm32f4xx_hal_i2c.o
                0x080046c8                HAL_I2C_Init
 .text.HAL_I2C_Master_Transmit
                0x08004950      0x1fc ./Drivers/STM32F4xx_HAL_Driver/Src/stm32f4xx_hal_i2c.o
                0x08004950                HAL_I2C_Master_Transmit
 .text.HAL_I2C_Mem_Read
                0x08004b4c      0x464 ./Drivers/STM32F4xx_HAL_Driver/Src/stm32f4xx_hal_i2c.o
                0x08004b4c                HAL_I2C_Mem_Read
 .text.I2C_MasterRequestWrite
                0x08004fb0      0x104 ./Drivers/STM32F4xx_HAL_Driver/Src/stm32f4xx_hal_i2c.o
 .text.I2C_RequestMemoryRead
                0x080050b4      0x1d0 ./Drivers/STM32F4xx_HAL_Driver/Src/stm32f4xx_hal_i2c.o
 .text.I2C_WaitOnFlagUntilTimeout
                0x08005284       0xf4 ./Drivers/STM32F4xx_HAL_Driver/Src/stm32f4xx_hal_i2c.o
 .text.I2C_WaitOnMasterAddressFlagUntilTimeout
                0x08005378      0x140 ./Drivers/STM32F4xx_HAL_Driver/Src/stm32f4xx_hal_i2c.o
 .text.I2C_WaitOnTXEFlagUntilTimeout
                0x080054b8       0x90 ./Drivers/STM32F4xx_HAL_Driver/Src/stm32f4xx_hal_i2c.o
 .text.I2C_WaitOnBTFFlagUntilTimeout
                0x08005548       0x90 ./Drivers/STM32F4xx_HAL_Driver/Src/stm32f4xx_hal_i2c.o
 .text.I2C_WaitOnRXNEFlagUntilTimeout
                0x080055d8       0xba ./Drivers/STM32F4xx_HAL_Driver/Src/stm32f4xx_hal_i2c.o
 .text.I2C_IsAcknowledgeFailed
                0x08005692       0x5e ./Drivers/STM32F4xx_HAL_Driver/Src/stm32f4xx_hal_i2c.o
 .text.HAL_PCD_Init
                0x080056f0      0x21e ./Drivers/STM32F4xx_HAL_Driver/Src/stm32f4xx_hal_pcd.o
                0x080056f0                HAL_PCD_Init
 .text.HAL_PCD_Start
                0x0800590e       0x6a ./Drivers/STM32F4xx_HAL_Driver/Src/stm32f4xx_hal_pcd.o
                0x0800590e                HAL_PCD_Start
 .text.HAL_PCD_IRQHandler
                0x08005978      0x942 ./Drivers/STM32F4xx_HAL_Driver/Src/stm32f4xx_hal_pcd.o
                0x08005978                HAL_PCD_IRQHandler
 .text.HAL_PCD_SetAddress
                0x080062ba       0x48 ./Drivers/STM32F4xx_HAL_Driver/Src/stm32f4xx_hal_pcd.o
                0x080062ba                HAL_PCD_SetAddress
 .text.HAL_PCD_EP_Open
                0x08006302       0xd4 ./Drivers/STM32F4xx_HAL_Driver/Src/stm32f4xx_hal_pcd.o
                0x08006302                HAL_PCD_EP_Open
 .text.HAL_PCD_EP_Close
                0x080063d6       0x94 ./Drivers/STM32F4xx_HAL_Driver/Src/stm32f4xx_hal_pcd.o
                0x080063d6                HAL_PCD_EP_Close
 .text.HAL_PCD_EP_Receive
                0x0800646a       0x76 ./Drivers/STM32F4xx_HAL_Driver/Src/stm32f4xx_hal_pcd.o
                0x0800646a                HAL_PCD_EP_Receive
 .text.HAL_PCD_EP_GetRxCount
                0x080064e0       0x30 ./Drivers/STM32F4xx_HAL_Driver/Src/stm32f4xx_hal_pcd.o
                0x080064e0                HAL_PCD_EP_GetRxCount
 .text.HAL_PCD_EP_Transmit
                0x08006510       0x74 ./Drivers/STM32F4xx_HAL_Driver/Src/stm32f4xx_hal_pcd.o
                0x08006510                HAL_PCD_EP_Transmit
 .text.HAL_PCD_EP_SetStall
                0x08006584       0xc6 ./Drivers/STM32F4xx_HAL_Driver/Src/stm32f4xx_hal_pcd.o
                0x08006584                HAL_PCD_EP_SetStall
 .text.HAL_PCD_EP_ClrStall
                0x0800664a       0xac ./Drivers/STM32F4xx_HAL_Driver/Src/stm32f4xx_hal_pcd.o
                0x0800664a                HAL_PCD_EP_ClrStall
 .text.HAL_PCD_EP_Abort
                0x080066f6       0x62 ./Drivers/STM32F4xx_HAL_Driver/Src/stm32f4xx_hal_pcd.o
                0x080066f6                HAL_PCD_EP_Abort
 .text.PCD_WriteEmptyTxFifo
                0x08006758      0x118 ./Drivers/STM32F4xx_HAL_Driver/Src/stm32f4xx_hal_pcd.o
 .text.PCD_EP_OutXfrComplete_int
                0x08006870      0x1d0 ./Drivers/STM32F4xx_HAL_Driver/Src/stm32f4xx_hal_pcd.o
 .text.PCD_EP_OutSetupPacket_int
                0x08006a40       0x8c ./Drivers/STM32F4xx_HAL_Driver/Src/stm32f4xx_hal_pcd.o
 .text.HAL_PCDEx_SetTxFiFo
                0x08006acc       0x8e ./Drivers/STM32F4xx_HAL_Driver/Src/stm32f4xx_hal_pcd_ex.o
                0x08006acc                HAL_PCDEx_SetTxFiFo
 .text.HAL_PCDEx_SetRxFiFo
                0x08006b5a       0x22 ./Drivers/STM32F4xx_HAL_Driver/Src/stm32f4xx_hal_pcd_ex.o
                0x08006b5a                HAL_PCDEx_SetRxFiFo
 .text.HAL_PCDEx_LPM_Callback
                0x08006b7c       0x18 ./Drivers/STM32F4xx_HAL_Driver/Src/stm32f4xx_hal_pcd_ex.o
                0x08006b7c                HAL_PCDEx_LPM_Callback
 .text.HAL_RCC_OscConfig
                0x08006b94      0x4f0 ./Drivers/STM32F4xx_HAL_Driver/Src/stm32f4xx_hal_rcc.o
                0x08006b94                HAL_RCC_OscConfig
 .text.HAL_RCC_ClockConfig
                0x08007084      0x1cc ./Drivers/STM32F4xx_HAL_Driver/Src/stm32f4xx_hal_rcc.o
                0x08007084                HAL_RCC_ClockConfig
 .text.HAL_RCC_GetSysClockFreq
                0x08007250      0x188 ./Drivers/STM32F4xx_HAL_Driver/Src/stm32f4xx_hal_rcc.o
                0x08007250                HAL_RCC_GetSysClockFreq
 .text.HAL_RCC_GetHCLKFreq
                0x080073d8       0x18 ./Drivers/STM32F4xx_HAL_Driver/Src/stm32f4xx_hal_rcc.o
                0x080073d8                HAL_RCC_GetHCLKFreq
 .text.HAL_RCC_GetPCLK1Freq
                0x080073f0       0x28 ./Drivers/STM32F4xx_HAL_Driver/Src/stm32f4xx_hal_rcc.o
                0x080073f0                HAL_RCC_GetPCLK1Freq
 .text.HAL_RCC_GetPCLK2Freq
                0x08007418       0x28 ./Drivers/STM32F4xx_HAL_Driver/Src/stm32f4xx_hal_rcc.o
                0x08007418                HAL_RCC_GetPCLK2Freq
 .text.HAL_SPI_Init
                0x08007440      0x112 ./Drivers/STM32F4xx_HAL_Driver/Src/stm32f4xx_hal_spi.o
                0x08007440                HAL_SPI_Init
 .text.HAL_SPI_Transmit
                0x08007552      0x288 ./Drivers/STM32F4xx_HAL_Driver/Src/stm32f4xx_hal_spi.o
                0x08007552                HAL_SPI_Transmit
 .text.HAL_SPI_Receive
                0x080077da      0x232 ./Drivers/STM32F4xx_HAL_Driver/Src/stm32f4xx_hal_spi.o
                0x080077da                HAL_SPI_Receive
 .text.HAL_SPI_TransmitReceive
                0x08007a0c      0x352 ./Drivers/STM32F4xx_HAL_Driver/Src/stm32f4xx_hal_spi.o
                0x08007a0c                HAL_SPI_TransmitReceive
 .text.HAL_SPI_GetState
                0x08007d5e       0x1c ./Drivers/STM32F4xx_HAL_Driver/Src/stm32f4xx_hal_spi.o
                0x08007d5e                HAL_SPI_GetState
 *fill*         0x08007d7a        0x2 
 .text.SPI_WaitFlagStateUntilTimeout
                0x08007d7c      0x110 ./Drivers/STM32F4xx_HAL_Driver/Src/stm32f4xx_hal_spi.o
 .text.SPI_EndRxTransaction
                0x08007e8c       0xca ./Drivers/STM32F4xx_HAL_Driver/Src/stm32f4xx_hal_spi.o
 *fill*         0x08007f56        0x2 
 .text.SPI_EndRxTxTransaction
                0x08007f58       0xa8 ./Drivers/STM32F4xx_HAL_Driver/Src/stm32f4xx_hal_spi.o
 .text.HAL_UART_Init
                0x08008000       0xa0 ./Drivers/STM32F4xx_HAL_Driver/Src/stm32f4xx_hal_uart.o
                0x08008000                HAL_UART_Init
 .text.HAL_UART_Receive_IT
                0x080080a0       0x4a ./Drivers/STM32F4xx_HAL_Driver/Src/stm32f4xx_hal_uart.o
                0x080080a0                HAL_UART_Receive_IT
 .text.UART_Start_Receive_IT
                0x080080ea       0x74 ./Drivers/STM32F4xx_HAL_Driver/Src/stm32f4xx_hal_uart.o
                0x080080ea                UART_Start_Receive_IT
 *fill*         0x0800815e        0x2 
 .text.UART_SetConfig
                0x08008160      0x4e8 ./Drivers/STM32F4xx_HAL_Driver/Src/stm32f4xx_hal_uart.o
 .text.USB_CoreInit
                0x08008648       0xc8 ./Drivers/STM32F4xx_HAL_Driver/Src/stm32f4xx_ll_usb.o
                0x08008648                USB_CoreInit
 .text.USB_SetTurnaroundTime
                0x08008710      0x144 ./Drivers/STM32F4xx_HAL_Driver/Src/stm32f4xx_ll_usb.o
                0x08008710                USB_SetTurnaroundTime
 .text.USB_EnableGlobalInt
                0x08008854       0x22 ./Drivers/STM32F4xx_HAL_Driver/Src/stm32f4xx_ll_usb.o
                0x08008854                USB_EnableGlobalInt
 .text.USB_DisableGlobalInt
                0x08008876       0x22 ./Drivers/STM32F4xx_HAL_Driver/Src/stm32f4xx_ll_usb.o
                0x08008876                USB_DisableGlobalInt
 .text.USB_SetCurrentMode
                0x08008898       0x98 ./Drivers/STM32F4xx_HAL_Driver/Src/stm32f4xx_ll_usb.o
                0x08008898                USB_SetCurrentMode
 .text.USB_DevInit
                0x08008930      0x2c8 ./Drivers/STM32F4xx_HAL_Driver/Src/stm32f4xx_ll_usb.o
                0x08008930                USB_DevInit
 .text.USB_FlushTxFifo
                0x08008bf8       0x64 ./Drivers/STM32F4xx_HAL_Driver/Src/stm32f4xx_ll_usb.o
                0x08008bf8                USB_FlushTxFifo
 .text.USB_FlushRxFifo
                0x08008c5c       0x5c ./Drivers/STM32F4xx_HAL_Driver/Src/stm32f4xx_ll_usb.o
                0x08008c5c                USB_FlushRxFifo
 .text.USB_SetDevSpeed
                0x08008cb8       0x32 ./Drivers/STM32F4xx_HAL_Driver/Src/stm32f4xx_ll_usb.o
                0x08008cb8                USB_SetDevSpeed
 .text.USB_GetDevSpeed
                0x08008cea       0x4a ./Drivers/STM32F4xx_HAL_Driver/Src/stm32f4xx_ll_usb.o
                0x08008cea                USB_GetDevSpeed
 .text.USB_ActivateEndpoint
                0x08008d34      0x10e ./Drivers/STM32F4xx_HAL_Driver/Src/stm32f4xx_ll_usb.o
                0x08008d34                USB_ActivateEndpoint
 *fill*         0x08008e42        0x2 
 .text.USB_DeactivateEndpoint
                0x08008e44      0x1b8 ./Drivers/STM32F4xx_HAL_Driver/Src/stm32f4xx_ll_usb.o
                0x08008e44                USB_DeactivateEndpoint
 .text.USB_EPStartXfer
                0x08008ffc      0x53c ./Drivers/STM32F4xx_HAL_Driver/Src/stm32f4xx_ll_usb.o
                0x08008ffc                USB_EPStartXfer
 .text.USB_EPStopXfer
                0x08009538      0x154 ./Drivers/STM32F4xx_HAL_Driver/Src/stm32f4xx_ll_usb.o
                0x08009538                USB_EPStopXfer
 .text.USB_WritePacket
                0x0800968c       0x7c ./Drivers/STM32F4xx_HAL_Driver/Src/stm32f4xx_ll_usb.o
                0x0800968c                USB_WritePacket
 .text.USB_ReadPacket
                0x08009708       0xb0 ./Drivers/STM32F4xx_HAL_Driver/Src/stm32f4xx_ll_usb.o
                0x08009708                USB_ReadPacket
 .text.USB_EPSetStall
                0x080097b8       0xdc ./Drivers/STM32F4xx_HAL_Driver/Src/stm32f4xx_ll_usb.o
                0x080097b8                USB_EPSetStall
 .text.USB_EPClearStall
                0x08009894       0xcc ./Drivers/STM32F4xx_HAL_Driver/Src/stm32f4xx_ll_usb.o
                0x08009894                USB_EPClearStall
 .text.USB_SetDevAddress
                0x08009960       0x4c ./Drivers/STM32F4xx_HAL_Driver/Src/stm32f4xx_ll_usb.o
                0x08009960                USB_SetDevAddress
 .text.USB_DevConnect
                0x080099ac       0x42 ./Drivers/STM32F4xx_HAL_Driver/Src/stm32f4xx_ll_usb.o
                0x080099ac                USB_DevConnect
 .text.USB_DevDisconnect
                0x080099ee       0x42 ./Drivers/STM32F4xx_HAL_Driver/Src/stm32f4xx_ll_usb.o
                0x080099ee                USB_DevDisconnect
 .text.USB_ReadInterrupts
                0x08009a30       0x26 ./Drivers/STM32F4xx_HAL_Driver/Src/stm32f4xx_ll_usb.o
                0x08009a30                USB_ReadInterrupts
 .text.USB_ReadDevAllOutEpInterrupt
                0x08009a56       0x34 ./Drivers/STM32F4xx_HAL_Driver/Src/stm32f4xx_ll_usb.o
                0x08009a56                USB_ReadDevAllOutEpInterrupt
 .text.USB_ReadDevAllInEpInterrupt
                0x08009a8a       0x34 ./Drivers/STM32F4xx_HAL_Driver/Src/stm32f4xx_ll_usb.o
                0x08009a8a                USB_ReadDevAllInEpInterrupt
 .text.USB_ReadDevOutEPInterrupt
                0x08009abe       0x3c ./Drivers/STM32F4xx_HAL_Driver/Src/stm32f4xx_ll_usb.o
                0x08009abe                USB_ReadDevOutEPInterrupt
 .text.USB_ReadDevInEPInterrupt
                0x08009afa       0x5c ./Drivers/STM32F4xx_HAL_Driver/Src/stm32f4xx_ll_usb.o
                0x08009afa                USB_ReadDevInEPInterrupt
 .text.USB_GetMode
                0x08009b56       0x1c ./Drivers/STM32F4xx_HAL_Driver/Src/stm32f4xx_ll_usb.o
                0x08009b56                USB_GetMode
 .text.USB_ActivateSetup
                0x08009b72       0x46 ./Drivers/STM32F4xx_HAL_Driver/Src/stm32f4xx_ll_usb.o
                0x08009b72                USB_ActivateSetup
 .text.USB_EP0_OutStart
                0x08009bb8       0xbc ./Drivers/STM32F4xx_HAL_Driver/Src/stm32f4xx_ll_usb.o
                0x08009bb8                USB_EP0_OutStart
 .text.USB_CoreReset
                0x08009c74       0x70 ./Drivers/STM32F4xx_HAL_Driver/Src/stm32f4xx_ll_usb.o
 .text.USBD_CDC_Init
                0x08009ce4      0x1f0 ./Middlewares/ST/STM32_USB_Device_Library/Class/CDC/Src/usbd_cdc.o
 .text.USBD_CDC_DeInit
                0x08009ed4      0x104 ./Middlewares/ST/STM32_USB_Device_Library/Class/CDC/Src/usbd_cdc.o
 .text.USBD_CDC_Setup
                0x08009fd8      0x1b8 ./Middlewares/ST/STM32_USB_Device_Library/Class/CDC/Src/usbd_cdc.o
 .text.USBD_CDC_DataIn
                0x0800a190       0xfe ./Middlewares/ST/STM32_USB_Device_Library/Class/CDC/Src/usbd_cdc.o
 .text.USBD_CDC_DataOut
                0x0800a28e       0x70 ./Middlewares/ST/STM32_USB_Device_Library/Class/CDC/Src/usbd_cdc.o
 .text.USBD_CDC_EP0_RxReady
                0x0800a2fe       0x74 ./Middlewares/ST/STM32_USB_Device_Library/Class/CDC/Src/usbd_cdc.o
 *fill*         0x0800a372        0x2 
 .text.USBD_CDC_GetFSCfgDesc
                0x0800a374       0x70 ./Middlewares/ST/STM32_USB_Device_Library/Class/CDC/Src/usbd_cdc.o
 .text.USBD_CDC_GetHSCfgDesc
                0x0800a3e4       0x70 ./Middlewares/ST/STM32_USB_Device_Library/Class/CDC/Src/usbd_cdc.o
 .text.USBD_CDC_GetOtherSpeedCfgDesc
                0x0800a454       0x70 ./Middlewares/ST/STM32_USB_Device_Library/Class/CDC/Src/usbd_cdc.o
 .text.USBD_CDC_GetDeviceQualifierDescriptor
                0x0800a4c4       0x20 ./Middlewares/ST/STM32_USB_Device_Library/Class/CDC/Src/usbd_cdc.o
                0x0800a4c4                USBD_CDC_GetDeviceQualifierDescriptor
 .text.USBD_CDC_RegisterInterface
                0x0800a4e4       0x34 ./Middlewares/ST/STM32_USB_Device_Library/Class/CDC/Src/usbd_cdc.o
                0x0800a4e4                USBD_CDC_RegisterInterface
 .text.USBD_CDC_SetTxBuffer
                0x0800a518       0x44 ./Middlewares/ST/STM32_USB_Device_Library/Class/CDC/Src/usbd_cdc.o
                0x0800a518                USBD_CDC_SetTxBuffer
 .text.USBD_CDC_SetRxBuffer
                0x0800a55c       0x3a ./Middlewares/ST/STM32_USB_Device_Library/Class/CDC/Src/usbd_cdc.o
                0x0800a55c                USBD_CDC_SetRxBuffer
 *fill*         0x0800a596        0x2 
 .text.USBD_CDC_TransmitPacket
                0x0800a598       0x80 ./Middlewares/ST/STM32_USB_Device_Library/Class/CDC/Src/usbd_cdc.o
                0x0800a598                USBD_CDC_TransmitPacket
 .text.USBD_CDC_ReceivePacket
                0x0800a618       0x6c ./Middlewares/ST/STM32_USB_Device_Library/Class/CDC/Src/usbd_cdc.o
                0x0800a618                USBD_CDC_ReceivePacket
 .text.USBD_Init
                0x0800a684       0x60 ./Middlewares/ST/STM32_USB_Device_Library/Core/Src/usbd_core.o
                0x0800a684                USBD_Init
 .text.USBD_RegisterClass
                0x0800a6e4       0x6c ./Middlewares/ST/STM32_USB_Device_Library/Core/Src/usbd_core.o
                0x0800a6e4                USBD_RegisterClass
 .text.USBD_Start
                0x0800a750       0x18 ./Middlewares/ST/STM32_USB_Device_Library/Core/Src/usbd_core.o
                0x0800a750                USBD_Start
 .text.USBD_RunTestMode
                0x0800a768       0x16 ./Middlewares/ST/STM32_USB_Device_Library/Core/Src/usbd_core.o
                0x0800a768                USBD_RunTestMode
 .text.USBD_SetClassConfig
                0x0800a77e       0x38 ./Middlewares/ST/STM32_USB_Device_Library/Core/Src/usbd_core.o
                0x0800a77e                USBD_SetClassConfig
 .text.USBD_ClrClassConfig
                0x0800a7b6       0x34 ./Middlewares/ST/STM32_USB_Device_Library/Core/Src/usbd_core.o
                0x0800a7b6                USBD_ClrClassConfig
 .text.USBD_LL_SetupStage
                0x0800a7ea       0xaa ./Middlewares/ST/STM32_USB_Device_Library/Core/Src/usbd_core.o
                0x0800a7ea                USBD_LL_SetupStage
 .text.USBD_LL_DataOutStage
                0x0800a894      0x178 ./Middlewares/ST/STM32_USB_Device_Library/Core/Src/usbd_core.o
                0x0800a894                USBD_LL_DataOutStage
 .text.USBD_LL_DataInStage
                0x0800aa0c      0x176 ./Middlewares/ST/STM32_USB_Device_Library/Core/Src/usbd_core.o
                0x0800aa0c                USBD_LL_DataInStage
 .text.USBD_LL_Reset
                0x0800ab82       0xa6 ./Middlewares/ST/STM32_USB_Device_Library/Core/Src/usbd_core.o
                0x0800ab82                USBD_LL_Reset
 .text.USBD_LL_SetSpeed
                0x0800ac28       0x20 ./Middlewares/ST/STM32_USB_Device_Library/Core/Src/usbd_core.o
                0x0800ac28                USBD_LL_SetSpeed
 .text.USBD_LL_Suspend
                0x0800ac48       0x38 ./Middlewares/ST/STM32_USB_Device_Library/Core/Src/usbd_core.o
                0x0800ac48                USBD_LL_Suspend
 .text.USBD_LL_Resume
                0x0800ac80       0x30 ./Middlewares/ST/STM32_USB_Device_Library/Core/Src/usbd_core.o
                0x0800ac80                USBD_LL_Resume
 .text.USBD_LL_SOF
                0x0800acb0       0x40 ./Middlewares/ST/STM32_USB_Device_Library/Core/Src/usbd_core.o
                0x0800acb0                USBD_LL_SOF
 .text.USBD_LL_IsoINIncomplete
                0x0800acf0       0x64 ./Middlewares/ST/STM32_USB_Device_Library/Core/Src/usbd_core.o
                0x0800acf0                USBD_LL_IsoINIncomplete
 .text.USBD_LL_IsoOUTIncomplete
                0x0800ad54       0x64 ./Middlewares/ST/STM32_USB_Device_Library/Core/Src/usbd_core.o
                0x0800ad54                USBD_LL_IsoOUTIncomplete
 .text.USBD_LL_DevConnected
                0x0800adb8       0x16 ./Middlewares/ST/STM32_USB_Device_Library/Core/Src/usbd_core.o
                0x0800adb8                USBD_LL_DevConnected
 .text.USBD_LL_DevDisconnected
                0x0800adce       0x46 ./Middlewares/ST/STM32_USB_Device_Library/Core/Src/usbd_core.o
                0x0800adce                USBD_LL_DevDisconnected
 .text.USBD_CoreFindIF
                0x0800ae14       0x1a ./Middlewares/ST/STM32_USB_Device_Library/Core/Src/usbd_core.o
                0x0800ae14                USBD_CoreFindIF
 .text.USBD_CoreFindEP
                0x0800ae2e       0x1a ./Middlewares/ST/STM32_USB_Device_Library/Core/Src/usbd_core.o
                0x0800ae2e                USBD_CoreFindEP
 .text.USBD_GetEpDesc
                0x0800ae48       0x70 ./Middlewares/ST/STM32_USB_Device_Library/Core/Src/usbd_core.o
                0x0800ae48                USBD_GetEpDesc
 .text.USBD_GetNextDesc
                0x0800aeb8       0x38 ./Middlewares/ST/STM32_USB_Device_Library/Core/Src/usbd_core.o
                0x0800aeb8                USBD_GetNextDesc
 .text.SWAPBYTE
                0x0800aef0       0x3e ./Middlewares/ST/STM32_USB_Device_Library/Core/Src/usbd_ctlreq.o
 *fill*         0x0800af2e        0x2 
 .text.USBD_StdDevReq
                0x0800af30       0xe4 ./Middlewares/ST/STM32_USB_Device_Library/Core/Src/usbd_ctlreq.o
                0x0800af30                USBD_StdDevReq
 .text.USBD_StdItfReq
                0x0800b014       0xd8 ./Middlewares/ST/STM32_USB_Device_Library/Core/Src/usbd_ctlreq.o
                0x0800b014                USBD_StdItfReq
 .text.USBD_StdEPReq
                0x0800b0ec      0x33e ./Middlewares/ST/STM32_USB_Device_Library/Core/Src/usbd_ctlreq.o
                0x0800b0ec                USBD_StdEPReq
 *fill*         0x0800b42a        0x2 
 .text.USBD_GetDescriptor
                0x0800b42c      0x2d4 ./Middlewares/ST/STM32_USB_Device_Library/Core/Src/usbd_ctlreq.o
 .text.USBD_SetAddress
                0x0800b700       0x88 ./Middlewares/ST/STM32_USB_Device_Library/Core/Src/usbd_ctlreq.o
 .text.USBD_SetConfig
                0x0800b788      0x154 ./Middlewares/ST/STM32_USB_Device_Library/Core/Src/usbd_ctlreq.o
 .text.USBD_GetConfig
                0x0800b8dc       0x6c ./Middlewares/ST/STM32_USB_Device_Library/Core/Src/usbd_ctlreq.o
 .text.USBD_GetStatus
                0x0800b948       0x68 ./Middlewares/ST/STM32_USB_Device_Library/Core/Src/usbd_ctlreq.o
 .text.USBD_SetFeature
                0x0800b9b0       0x52 ./Middlewares/ST/STM32_USB_Device_Library/Core/Src/usbd_ctlreq.o
 .text.USBD_ClrFeature
                0x0800ba02       0x44 ./Middlewares/ST/STM32_USB_Device_Library/Core/Src/usbd_ctlreq.o
 .text.USBD_ParseSetupRequest
                0x0800ba46       0x74 ./Middlewares/ST/STM32_USB_Device_Library/Core/Src/usbd_ctlreq.o
                0x0800ba46                USBD_ParseSetupRequest
 .text.USBD_CtlError
                0x0800baba       0x22 ./Middlewares/ST/STM32_USB_Device_Library/Core/Src/usbd_ctlreq.o
                0x0800baba                USBD_CtlError
 .text.USBD_GetString
                0x0800badc       0xa4 ./Middlewares/ST/STM32_USB_Device_Library/Core/Src/usbd_ctlreq.o
                0x0800badc                USBD_GetString
 .text.USBD_GetLen
                0x0800bb80       0x34 ./Middlewares/ST/STM32_USB_Device_Library/Core/Src/usbd_ctlreq.o
 .text.USBD_CtlSendData
                0x0800bbb4       0x3c ./Middlewares/ST/STM32_USB_Device_Library/Core/Src/usbd_ioreq.o
                0x0800bbb4                USBD_CtlSendData
 .text.USBD_CtlContinueSendData
                0x0800bbf0       0x22 ./Middlewares/ST/STM32_USB_Device_Library/Core/Src/usbd_ioreq.o
                0x0800bbf0                USBD_CtlContinueSendData
 .text.USBD_CtlPrepareRx
                0x0800bc12       0x42 ./Middlewares/ST/STM32_USB_Device_Library/Core/Src/usbd_ioreq.o
                0x0800bc12                USBD_CtlPrepareRx
 .text.USBD_CtlContinueRx
                0x0800bc54       0x22 ./Middlewares/ST/STM32_USB_Device_Library/Core/Src/usbd_ioreq.o
                0x0800bc54                USBD_CtlContinueRx
 .text.USBD_CtlSendStatus
                0x0800bc76       0x26 ./Middlewares/ST/STM32_USB_Device_Library/Core/Src/usbd_ioreq.o
                0x0800bc76                USBD_CtlSendStatus
 .text.USBD_CtlReceiveStatus
                0x0800bc9c       0x26 ./Middlewares/ST/STM32_USB_Device_Library/Core/Src/usbd_ioreq.o
                0x0800bc9c                USBD_CtlReceiveStatus
 *fill*         0x0800bcc2        0x2 
 .text.MX_USB_DEVICE_Init
                0x0800bcc4       0x60 ./USB_DEVICE/App/usb_device.o
                0x0800bcc4                MX_USB_DEVICE_Init
 .text.CDC_Init_FS
                0x0800bd24       0x28 ./USB_DEVICE/App/usbd_cdc_if.o
 .text.CDC_DeInit_FS
                0x0800bd4c       0x10 ./USB_DEVICE/App/usbd_cdc_if.o
 .text.CDC_Control_FS
                0x0800bd5c       0xbc ./USB_DEVICE/App/usbd_cdc_if.o
 .text.CDC_Receive_FS
                0x0800be18       0x28 ./USB_DEVICE/App/usbd_cdc_if.o
 .text.CDC_Transmit_FS
                0x0800be40       0x4c ./USB_DEVICE/App/usbd_cdc_if.o
                0x0800be40                CDC_Transmit_FS
 .text.CDC_TransmitCplt_FS
                0x0800be8c       0x22 ./USB_DEVICE/App/usbd_cdc_if.o
 *fill*         0x0800beae        0x2 
 .text.USBD_FS_DeviceDescriptor
                0x0800beb0       0x24 ./USB_DEVICE/App/usbd_desc.o
                0x0800beb0                USBD_FS_DeviceDescriptor
 .text.USBD_FS_LangIDStrDescriptor
                0x0800bed4       0x24 ./USB_DEVICE/App/usbd_desc.o
                0x0800bed4                USBD_FS_LangIDStrDescriptor
 .text.USBD_FS_ProductStrDescriptor
                0x0800bef8       0x3c ./USB_DEVICE/App/usbd_desc.o
                0x0800bef8                USBD_FS_ProductStrDescriptor
 .text.USBD_FS_ManufacturerStrDescriptor
                0x0800bf34       0x28 ./USB_DEVICE/App/usbd_desc.o
                0x0800bf34                USBD_FS_ManufacturerStrDescriptor
 .text.USBD_FS_SerialStrDescriptor
                0x0800bf5c       0x24 ./USB_DEVICE/App/usbd_desc.o
                0x0800bf5c                USBD_FS_SerialStrDescriptor
 .text.USBD_FS_ConfigStrDescriptor
                0x0800bf80       0x3c ./USB_DEVICE/App/usbd_desc.o
                0x0800bf80                USBD_FS_ConfigStrDescriptor
 .text.USBD_FS_InterfaceStrDescriptor
                0x0800bfbc       0x3c ./USB_DEVICE/App/usbd_desc.o
                0x0800bfbc                USBD_FS_InterfaceStrDescriptor
 .text.Get_SerialNum
                0x0800bff8       0x58 ./USB_DEVICE/App/usbd_desc.o
 .text.IntToUnicode
                0x0800c050       0x7e ./USB_DEVICE/App/usbd_desc.o
 *fill*         0x0800c0ce        0x2 
 .text.HAL_PCD_MspInit
                0x0800c0d0       0xa8 ./USB_DEVICE/Target/usbd_conf.o
                0x0800c0d0                HAL_PCD_MspInit
 .text.HAL_PCD_SetupStageCallback
                0x0800c178       0x24 ./USB_DEVICE/Target/usbd_conf.o
                0x0800c178                HAL_PCD_SetupStageCallback
 .text.HAL_PCD_DataOutStageCallback
                0x0800c19c       0x36 ./USB_DEVICE/Target/usbd_conf.o
                0x0800c19c                HAL_PCD_DataOutStageCallback
 .text.HAL_PCD_DataInStageCallback
                0x0800c1d2       0x34 ./USB_DEVICE/Target/usbd_conf.o
                0x0800c1d2                HAL_PCD_DataInStageCallback
 .text.HAL_PCD_SOFCallback
                0x0800c206       0x1c ./USB_DEVICE/Target/usbd_conf.o
                0x0800c206                HAL_PCD_SOFCallback
 .text.HAL_PCD_ResetCallback
                0x0800c222       0x3c ./USB_DEVICE/Target/usbd_conf.o
                0x0800c222                HAL_PCD_ResetCallback
 *fill*         0x0800c25e        0x2 
 .text.HAL_PCD_SuspendCallback
                0x0800c260       0x4c ./USB_DEVICE/Target/usbd_conf.o
                0x0800c260                HAL_PCD_SuspendCallback
 .text.HAL_PCD_ResumeCallback
                0x0800c2ac       0x1c ./USB_DEVICE/Target/usbd_conf.o
                0x0800c2ac                HAL_PCD_ResumeCallback
 .text.HAL_PCD_ISOOUTIncompleteCallback
                0x0800c2c8       0x24 ./USB_DEVICE/Target/usbd_conf.o
                0x0800c2c8                HAL_PCD_ISOOUTIncompleteCallback
 .text.HAL_PCD_ISOINIncompleteCallback
                0x0800c2ec       0x24 ./USB_DEVICE/Target/usbd_conf.o
                0x0800c2ec                HAL_PCD_ISOINIncompleteCallback
 .text.HAL_PCD_ConnectCallback
                0x0800c310       0x1c ./USB_DEVICE/Target/usbd_conf.o
                0x0800c310                HAL_PCD_ConnectCallback
 .text.HAL_PCD_DisconnectCallback
                0x0800c32c       0x1c ./USB_DEVICE/Target/usbd_conf.o
                0x0800c32c                HAL_PCD_DisconnectCallback
 .text.USBD_LL_Init
                0x0800c348       0x98 ./USB_DEVICE/Target/usbd_conf.o
                0x0800c348                USBD_LL_Init
 .text.USBD_LL_Start
                0x0800c3e0       0x36 ./USB_DEVICE/Target/usbd_conf.o
                0x0800c3e0                USBD_LL_Start
 .text.USBD_LL_OpenEP
                0x0800c416       0x4c ./USB_DEVICE/Target/usbd_conf.o
                0x0800c416                USBD_LL_OpenEP
 .text.USBD_LL_CloseEP
                0x0800c462       0x3e ./USB_DEVICE/Target/usbd_conf.o
                0x0800c462                USBD_LL_CloseEP
 .text.USBD_LL_StallEP
                0x0800c4a0       0x3e ./USB_DEVICE/Target/usbd_conf.o
                0x0800c4a0                USBD_LL_StallEP
 .text.USBD_LL_ClearStallEP
                0x0800c4de       0x3e ./USB_DEVICE/Target/usbd_conf.o
                0x0800c4de                USBD_LL_ClearStallEP
 .text.USBD_LL_IsStallEP
                0x0800c51c       0x58 ./USB_DEVICE/Target/usbd_conf.o
                0x0800c51c                USBD_LL_IsStallEP
 .text.USBD_LL_SetUSBAddress
                0x0800c574       0x3e ./USB_DEVICE/Target/usbd_conf.o
                0x0800c574                USBD_LL_SetUSBAddress
 .text.USBD_LL_Transmit
                0x0800c5b2       0x42 ./USB_DEVICE/Target/usbd_conf.o
                0x0800c5b2                USBD_LL_Transmit
 .text.USBD_LL_PrepareReceive
                0x0800c5f4       0x42 ./USB_DEVICE/Target/usbd_conf.o
                0x0800c5f4                USBD_LL_PrepareReceive
 .text.USBD_LL_GetRxDataSize
                0x0800c636       0x26 ./USB_DEVICE/Target/usbd_conf.o
                0x0800c636                USBD_LL_GetRxDataSize
 .text.USBD_static_malloc
                0x0800c65c       0x1c ./USB_DEVICE/Target/usbd_conf.o
                0x0800c65c                USBD_static_malloc
 .text.USBD_static_free
                0x0800c678       0x14 ./USB_DEVICE/Target/usbd_conf.o
                0x0800c678                USBD_static_free
 .text.USBD_Get_USB_Status
                0x0800c68c       0x58 ./USB_DEVICE/Target/usbd_conf.o
                0x0800c68c                USBD_Get_USB_Status
 .text._vsnprintf_r
                0x0800c6e4       0x5c C:/ST/STM32CubeIDE_2.2.0/STM32CubeIDE/plugins/com.st.stm32cube.ide.mcu.externaltools.gnu-tools-for-stm32.14.3.rel1.win32_1.0.100.202602081740/tools/bin/../lib/gcc/arm-none-eabi/14.3.1/../../../../arm-none-eabi/lib/thumb/v7e-m+fp/hard\libc_nano.a(libc_a-vsnprintf.o)
                0x0800c6e4                _vsniprintf_r
                0x0800c6e4                _vsnprintf_r
 .text.vsnprintf
                0x0800c740       0x1c C:/ST/STM32CubeIDE_2.2.0/STM32CubeIDE/plugins/com.st.stm32cube.ide.mcu.externaltools.gnu-tools-for-stm32.14.3.rel1.win32_1.0.100.202602081740/tools/bin/../lib/gcc/arm-none-eabi/14.3.1/../../../../arm-none-eabi/lib/thumb/v7e-m+fp/hard\libc_nano.a(libc_a-vsnprintf.o)
                0x0800c740                vsniprintf
                0x0800c740                vsnprintf
 .text.memset   0x0800c75c       0x10 C:/ST/STM32CubeIDE_2.2.0/STM32CubeIDE/plugins/com.st.stm32cube.ide.mcu.externaltools.gnu-tools-for-stm32.14.3.rel1.win32_1.0.100.202602081740/tools/bin/../lib/gcc/arm-none-eabi/14.3.1/../../../../arm-none-eabi/lib/thumb/v7e-m+fp/hard\libc_nano.a(libc_a-memset.o)
                0x0800c75c                memset
 .text.__errno  0x0800c76c        0xc C:/ST/STM32CubeIDE_2.2.0/STM32CubeIDE/plugins/com.st.stm32cube.ide.mcu.externaltools.gnu-tools-for-stm32.14.3.rel1.win32_1.0.100.202602081740/tools/bin/../lib/gcc/arm-none-eabi/14.3.1/../../../../arm-none-eabi/lib/thumb/v7e-m+fp/hard\libc_nano.a(libc_a-errno.o)
                0x0800c76c                __errno
 .text.__libc_init_array
                0x0800c778       0x48 C:/ST/STM32CubeIDE_2.2.0/STM32CubeIDE/plugins/com.st.stm32cube.ide.mcu.externaltools.gnu-tools-for-stm32.14.3.rel1.win32_1.0.100.202602081740/tools/bin/../lib/gcc/arm-none-eabi/14.3.1/../../../../arm-none-eabi/lib/thumb/v7e-m+fp/hard\libc_nano.a(libc_a-init.o)
                0x0800c778                __libc_init_array
 .text.__retarget_lock_acquire_recursive
                0x0800c7c0        0x2 C:/ST/STM32CubeIDE_2.2.0/STM32CubeIDE/plugins/com.st.stm32cube.ide.mcu.externaltools.gnu-tools-for-stm32.14.3.rel1.win32_1.0.100.202602081740/tools/bin/../lib/gcc/arm-none-eabi/14.3.1/../../../../arm-none-eabi/lib/thumb/v7e-m+fp/hard\libc_nano.a(libc_a-lock.o)
                0x0800c7c0                __retarget_lock_acquire_recursive
 .text.__retarget_lock_release_recursive
                0x0800c7c2        0x2 C:/ST/STM32CubeIDE_2.2.0/STM32CubeIDE/plugins/com.st.stm32cube.ide.mcu.externaltools.gnu-tools-for-stm32.14.3.rel1.win32_1.0.100.202602081740/tools/bin/../lib/gcc/arm-none-eabi/14.3.1/../../../../arm-none-eabi/lib/thumb/v7e-m+fp/hard\libc_nano.a(libc_a-lock.o)
                0x0800c7c2                __retarget_lock_release_recursive
 .text.memcpy   0x0800c7c4       0x1c C:/ST/STM32CubeIDE_2.2.0/STM32CubeIDE/plugins/com.st.stm32cube.ide.mcu.externaltools.gnu-tools-for-stm32.14.3.rel1.win32_1.0.100.202602081740/tools/bin/../lib/gcc/arm-none-eabi/14.3.1/../../../../arm-none-eabi/lib/thumb/v7e-m+fp/hard\libc_nano.a(libc_a-memcpy-stub.o)
                0x0800c7c4                memcpy
 .text._free_r  0x0800c7e0       0x94 C:/ST/STM32CubeIDE_2.2.0/STM32CubeIDE/plugins/com.st.stm32cube.ide.mcu.externaltools.gnu-tools-for-stm32.14.3.rel1.win32_1.0.100.202602081740/tools/bin/../lib/gcc/arm-none-eabi/14.3.1/../../../../arm-none-eabi/lib/thumb/v7e-m+fp/hard\libc_nano.a(libc_a-freer.o)
                0x0800c7e0                _free_r
 .text.sbrk_aligned
                0x0800c874       0x44 C:/ST/STM32CubeIDE_2.2.0/STM32CubeIDE/plugins/com.st.stm32cube.ide.mcu.externaltools.gnu-tools-for-stm32.14.3.rel1.win32_1.0.100.202602081740/tools/bin/../lib/gcc/arm-none-eabi/14.3.1/../../../../arm-none-eabi/lib/thumb/v7e-m+fp/hard\libc_nano.a(libc_a-mallocr.o)
 .text._malloc_r
                0x0800c8b8      0x100 C:/ST/STM32CubeIDE_2.2.0/STM32CubeIDE/plugins/com.st.stm32cube.ide.mcu.externaltools.gnu-tools-for-stm32.14.3.rel1.win32_1.0.100.202602081740/tools/bin/../lib/gcc/arm-none-eabi/14.3.1/../../../../arm-none-eabi/lib/thumb/v7e-m+fp/hard\libc_nano.a(libc_a-mallocr.o)
                0x0800c8b8                _malloc_r
 .text.__malloc_lock
                0x0800c9b8        0xc C:/ST/STM32CubeIDE_2.2.0/STM32CubeIDE/plugins/com.st.stm32cube.ide.mcu.externaltools.gnu-tools-for-stm32.14.3.rel1.win32_1.0.100.202602081740/tools/bin/../lib/gcc/arm-none-eabi/14.3.1/../../../../arm-none-eabi/lib/thumb/v7e-m+fp/hard\libc_nano.a(libc_a-mlock.o)
                0x0800c9b8                __malloc_lock
 .text.__malloc_unlock
                0x0800c9c4        0xc C:/ST/STM32CubeIDE_2.2.0/STM32CubeIDE/plugins/com.st.stm32cube.ide.mcu.externaltools.gnu-tools-for-stm32.14.3.rel1.win32_1.0.100.202602081740/tools/bin/../lib/gcc/arm-none-eabi/14.3.1/../../../../arm-none-eabi/lib/thumb/v7e-m+fp/hard\libc_nano.a(libc_a-mlock.o)
                0x0800c9c4                __malloc_unlock
 .text.__ssputs_r
                0x0800c9d0       0xc0 C:/ST/STM32CubeIDE_2.2.0/STM32CubeIDE/plugins/com.st.stm32cube.ide.mcu.externaltools.gnu-tools-for-stm32.14.3.rel1.win32_1.0.100.202602081740/tools/bin/../lib/gcc/arm-none-eabi/14.3.1/../../../../arm-none-eabi/lib/thumb/v7e-m+fp/hard\libc_nano.a(libc_a-nano-svfprintf.o)
                0x0800c9d0                __ssputs_r
 .text._svfprintf_r
                0x0800ca90      0x1f0 C:/ST/STM32CubeIDE_2.2.0/STM32CubeIDE/plugins/com.st.stm32cube.ide.mcu.externaltools.gnu-tools-for-stm32.14.3.rel1.win32_1.0.100.202602081740/tools/bin/../lib/gcc/arm-none-eabi/14.3.1/../../../../arm-none-eabi/lib/thumb/v7e-m+fp/hard\libc_nano.a(libc_a-nano-svfprintf.o)
                0x0800ca90                _svfiprintf_r
                0x0800ca90                _svfprintf_r
 .text._printf_common
                0x0800cc80       0xda C:/ST/STM32CubeIDE_2.2.0/STM32CubeIDE/plugins/com.st.stm32cube.ide.mcu.externaltools.gnu-tools-for-stm32.14.3.rel1.win32_1.0.100.202602081740/tools/bin/../lib/gcc/arm-none-eabi/14.3.1/../../../../arm-none-eabi/lib/thumb/v7e-m+fp/hard\libc_nano.a(libc_a-nano-vfprintf_i.o)
                0x0800cc80                _printf_common
 *fill*         0x0800cd5a        0x2 
 .text._printf_i
                0x0800cd5c      0x24c C:/ST/STM32CubeIDE_2.2.0/STM32CubeIDE/plugins/com.st.stm32cube.ide.mcu.externaltools.gnu-tools-for-stm32.14.3.rel1.win32_1.0.100.202602081740/tools/bin/../lib/gcc/arm-none-eabi/14.3.1/../../../../arm-none-eabi/lib/thumb/v7e-m+fp/hard\libc_nano.a(libc_a-nano-vfprintf_i.o)
                0x0800cd5c                _printf_i
 .text.memmove  0x0800cfa8       0x32 C:/ST/STM32CubeIDE_2.2.0/STM32CubeIDE/plugins/com.st.stm32cube.ide.mcu.externaltools.gnu-tools-for-stm32.14.3.rel1.win32_1.0.100.202602081740/tools/bin/../lib/gcc/arm-none-eabi/14.3.1/../../../../arm-none-eabi/lib/thumb/v7e-m+fp/hard\libc_nano.a(libc_a-memmove.o)
                0x0800cfa8                memmove
 *fill*         0x0800cfda        0x2 
 .text._sbrk_r  0x0800cfdc       0x20 C:/ST/STM32CubeIDE_2.2.0/STM32CubeIDE/plugins/com.st.stm32cube.ide.mcu.externaltools.gnu-tools-for-stm32.14.3.rel1.win32_1.0.100.202602081740/tools/bin/../lib/gcc/arm-none-eabi/14.3.1/../../../../arm-none-eabi/lib/thumb/v7e-m+fp/hard\libc_nano.a(libc_a-sbrkr.o)
                0x0800cfdc                _sbrk_r
 .text._realloc_r
                0x0800cffc       0x5c C:/ST/STM32CubeIDE_2.2.0/STM32CubeIDE/plugins/com.st.stm32cube.ide.mcu.externaltools.gnu-tools-for-stm32.14.3.rel1.win32_1.0.100.202602081740/tools/bin/../lib/gcc/arm-none-eabi/14.3.1/../../../../arm-none-eabi/lib/thumb/v7e-m+fp/hard\libc_nano.a(libc_a-reallocr.o)
                0x0800cffc                _realloc_r
 .text._malloc_usable_size_r
                0x0800d058       0x10 C:/ST/STM32CubeIDE_2.2.0/STM32CubeIDE/plugins/com.st.stm32cube.ide.mcu.externaltools.gnu-tools-for-stm32.14.3.rel1.win32_1.0.100.202602081740/tools/bin/../lib/gcc/arm-none-eabi/14.3.1/../../../../arm-none-eabi/lib/thumb/v7e-m+fp/hard\libc_nano.a(libc_a-msizer.o)
                0x0800d058                _malloc_usable_size_r
 .text.atan2    0x0800d068        0x4 C:/ST/STM32CubeIDE_2.2.0/STM32CubeIDE/plugins/com.st.stm32cube.ide.mcu.externaltools.gnu-tools-for-stm32.14.3.rel1.win32_1.0.100.202602081740/tools/bin/../lib/gcc/arm-none-eabi/14.3.1/../../../../arm-none-eabi/lib/thumb/v7e-m+fp/hard\libm.a(libm_a-w_atan2.o)
                0x0800d068                atan2
 .text.atan2f   0x0800d06c        0x4 C:/ST/STM32CubeIDE_2.2.0/STM32CubeIDE/plugins/com.st.stm32cube.ide.mcu.externaltools.gnu-tools-for-stm32.14.3.rel1.win32_1.0.100.202602081740/tools/bin/../lib/gcc/arm-none-eabi/14.3.1/../../../../arm-none-eabi/lib/thumb/v7e-m+fp/hard\libm.a(libm_a-wf_atan2.o)
                0x0800d06c                atan2f
 .text.roundf   0x0800d070       0x4c C:/ST/STM32CubeIDE_2.2.0/STM32CubeIDE/plugins/com.st.stm32cube.ide.mcu.externaltools.gnu-tools-for-stm32.14.3.rel1.win32_1.0.100.202602081740/tools/bin/../lib/gcc/arm-none-eabi/14.3.1/../../../../arm-none-eabi/lib/thumb/v7e-m+fp/hard\libm.a(libm_a-sf_round.o)
                0x0800d070                roundf
 *fill*         0x0800d0bc        0x4 
 .text.__ieee754_atan2
                0x0800d0c0      0x1ac C:/ST/STM32CubeIDE_2.2.0/STM32CubeIDE/plugins/com.st.stm32cube.ide.mcu.externaltools.gnu-tools-for-stm32.14.3.rel1.win32_1.0.100.202602081740/tools/bin/../lib/gcc/arm-none-eabi/14.3.1/../../../../arm-none-eabi/lib/thumb/v7e-m+fp/hard\libm.a(libm_a-e_atan2.o)
                0x0800d0c0                __ieee754_atan2
 *fill*         0x0800d26c        0x4 
 .text.atan     0x0800d270      0x358 C:/ST/STM32CubeIDE_2.2.0/STM32CubeIDE/plugins/com.st.stm32cube.ide.mcu.externaltools.gnu-tools-for-stm32.14.3.rel1.win32_1.0.100.202602081740/tools/bin/../lib/gcc/arm-none-eabi/14.3.1/../../../../arm-none-eabi/lib/thumb/v7e-m+fp/hard\libm.a(libm_a-s_atan.o)
                0x0800d270                atan
 .text.fabs     0x0800d5c8       0x10 C:/ST/STM32CubeIDE_2.2.0/STM32CubeIDE/plugins/com.st.stm32cube.ide.mcu.externaltools.gnu-tools-for-stm32.14.3.rel1.win32_1.0.100.202602081740/tools/bin/../lib/gcc/arm-none-eabi/14.3.1/../../../../arm-none-eabi/lib/thumb/v7e-m+fp/hard\libm.a(libm_a-s_fabs.o)
                0x0800d5c8                fabs
 .text.__ieee754_atan2f
                0x0800d5d8      0x14c C:/ST/STM32CubeIDE_2.2.0/STM32CubeIDE/plugins/com.st.stm32cube.ide.mcu.externaltools.gnu-tools-for-stm32.14.3.rel1.win32_1.0.100.202602081740/tools/bin/../lib/gcc/arm-none-eabi/14.3.1/../../../../arm-none-eabi/lib/thumb/v7e-m+fp/hard\libm.a(libm_a-ef_atan2.o)
                0x0800d5d8                __ieee754_atan2f
 .text.atanf    0x0800d724      0x1a4 C:/ST/STM32CubeIDE_2.2.0/STM32CubeIDE/plugins/com.st.stm32cube.ide.mcu.externaltools.gnu-tools-for-stm32.14.3.rel1.win32_1.0.100.202602081740/tools/bin/../lib/gcc/arm-none-eabi/14.3.1/../../../../arm-none-eabi/lib/thumb/v7e-m+fp/hard\libm.a(libm_a-sf_atan.o)
                0x0800d724                atanf
 .text.fabsf    0x0800d8c8       0x10 C:/ST/STM32CubeIDE_2.2.0/STM32CubeIDE/plugins/com.st.stm32cube.ide.mcu.externaltools.gnu-tools-for-stm32.14.3.rel1.win32_1.0.100.202602081740/tools/bin/../lib/gcc/arm-none-eabi/14.3.1/../../../../arm-none-eabi/lib/thumb/v7e-m+fp/hard\libm.a(libm_a-sf_fabs.o)
                0x0800d8c8                fabsf
 *(.glue_7)
 .glue_7        0x0800d8d8        0x0 linker stubs
 *(.glue_7t)
 .glue_7t       0x0800d8d8        0x0 linker stubs
 *(.eh_frame)
 .eh_frame      0x0800d8d8        0x0 C:/ST/STM32CubeIDE_2.2.0/STM32CubeIDE/plugins/com.st.stm32cube.ide.mcu.externaltools.gnu-tools-for-stm32.14.3.rel1.win32_1.0.100.202602081740/tools/bin/../lib/gcc/arm-none-eabi/14.3.1/thumb/v7e-m+fp/hard/crtbegin.o
 *(.init)
 .init          0x0800d8d8        0x4 C:/ST/STM32CubeIDE_2.2.0/STM32CubeIDE/plugins/com.st.stm32cube.ide.mcu.externaltools.gnu-tools-for-stm32.14.3.rel1.win32_1.0.100.202602081740/tools/bin/../lib/gcc/arm-none-eabi/14.3.1/thumb/v7e-m+fp/hard/crti.o
                0x0800d8d8                _init
 .init          0x0800d8dc        0x8 C:/ST/STM32CubeIDE_2.2.0/STM32CubeIDE/plugins/com.st.stm32cube.ide.mcu.externaltools.gnu-tools-for-stm32.14.3.rel1.win32_1.0.100.202602081740/tools/bin/../lib/gcc/arm-none-eabi/14.3.1/thumb/v7e-m+fp/hard/crtn.o
 *(.fini)
 .fini          0x0800d8e4        0x4 C:/ST/STM32CubeIDE_2.2.0/STM32CubeIDE/plugins/com.st.stm32cube.ide.mcu.externaltools.gnu-tools-for-stm32.14.3.rel1.win32_1.0.100.202602081740/tools/bin/../lib/gcc/arm-none-eabi/14.3.1/thumb/v7e-m+fp/hard/crti.o
                0x0800d8e4                _fini
 .fini          0x0800d8e8        0x8 C:/ST/STM32CubeIDE_2.2.0/STM32CubeIDE/plugins/com.st.stm32cube.ide.mcu.externaltools.gnu-tools-for-stm32.14.3.rel1.win32_1.0.100.202602081740/tools/bin/../lib/gcc/arm-none-eabi/14.3.1/thumb/v7e-m+fp/hard/crtn.o
                0x0800d8f0                        . = ALIGN (0x4)
                0x0800d8f0                        _etext = .

.vfp11_veneer   0x0800d8f0        0x0
 .vfp11_veneer  0x0800d8f0        0x0 linker stubs

.v4_bx          0x0800d8f0        0x0
 .v4_bx         0x0800d8f0        0x0 linker stubs

.iplt           0x0800d8f0        0x0
 .iplt          0x0800d8f0        0x0 C:/ST/STM32CubeIDE_2.2.0/STM32CubeIDE/plugins/com.st.stm32cube.ide.mcu.externaltools.gnu-tools-for-stm32.14.3.rel1.win32_1.0.100.202602081740/tools/bin/../lib/gcc/arm-none-eabi/14.3.1/thumb/v7e-m+fp/hard/crtbegin.o

.rodata         0x0800d8f0      0x440
                0x0800d8f0                        . = ALIGN (0x4)
 *(.rodata)
 .rodata        0x0800d8f0       0x50 ./Core/Src/LoRa.o
 .rodata        0x0800d940      0x276 ./Core/Src/main.o
 *fill*         0x0800dbb6        0x2 
 .rodata        0x0800dbb8       0x46 ./USB_DEVICE/App/usbd_desc.o
 *(.rodata*)
 *fill*         0x0800dbfe        0x2 
 .rodata.cmd.6  0x0800dc00        0x6 ./Core/Src/sdcard.o
 *fill*         0x0800dc06        0x2 
 .rodata.cmd.5  0x0800dc08        0x6 ./Core/Src/sdcard.o
 *fill*         0x0800dc0e        0x2 
 .rodata.cmd.4  0x0800dc10        0x6 ./Core/Src/sdcard.o
 *fill*         0x0800dc16        0x2 
 .rodata.cmd.3  0x0800dc18        0x6 ./Core/Src/sdcard.o
 *fill*         0x0800dc1e        0x2 
 .rodata.cmd.2  0x0800dc20        0x6 ./Core/Src/sdcard.o
 *fill*         0x0800dc26        0x2 
 .rodata.cmd.1  0x0800dc28        0x6 ./Core/Src/sdcard.o
 *fill*         0x0800dc2e        0x2 
 .rodata.cmd.0  0x0800dc30        0x6 ./Core/Src/sdcard.o
 *fill*         0x0800dc36        0x2 
 .rodata.AHBPrescTable
                0x0800dc38       0x10 ./Core/Src/system_stm32f4xx.o
                0x0800dc38                AHBPrescTable
 .rodata.APBPrescTable
                0x0800dc48        0x8 ./Core/Src/system_stm32f4xx.o
                0x0800dc48                APBPrescTable
 .rodata._svfprintf_r.str1.1
                0x0800dc50       0x33 C:/ST/STM32CubeIDE_2.2.0/STM32CubeIDE/plugins/com.st.stm32cube.ide.mcu.externaltools.gnu-tools-for-stm32.14.3.rel1.win32_1.0.100.202602081740/tools/bin/../lib/gcc/arm-none-eabi/14.3.1/../../../../arm-none-eabi/lib/thumb/v7e-m+fp/hard\libc_nano.a(libc_a-nano-svfprintf.o)
                                 0x11 (size before relaxing)
 .rodata._printf_i.str1.1
                0x0800dc83       0x22 C:/ST/STM32CubeIDE_2.2.0/STM32CubeIDE/plugins/com.st.stm32cube.ide.mcu.externaltools.gnu-tools-for-stm32.14.3.rel1.win32_1.0.100.202602081740/tools/bin/../lib/gcc/arm-none-eabi/14.3.1/../../../../arm-none-eabi/lib/thumb/v7e-m+fp/hard\libc_nano.a(libc_a-nano-vfprintf_i.o)
 *fill*         0x0800dc83        0x5 
 .rodata.CSWTCH.9
                0x0800dc88       0x18 C:/ST/STM32CubeIDE_2.2.0/STM32CubeIDE/plugins/com.st.stm32cube.ide.mcu.externaltools.gnu-tools-for-stm32.14.3.rel1.win32_1.0.100.202602081740/tools/bin/../lib/gcc/arm-none-eabi/14.3.1/../../../../arm-none-eabi/lib/thumb/v7e-m+fp/hard\libm.a(libm_a-e_atan2.o)
 .rodata.CSWTCH.8
                0x0800dca0       0x18 C:/ST/STM32CubeIDE_2.2.0/STM32CubeIDE/plugins/com.st.stm32cube.ide.mcu.externaltools.gnu-tools-for-stm32.14.3.rel1.win32_1.0.100.202602081740/tools/bin/../lib/gcc/arm-none-eabi/14.3.1/../../../../arm-none-eabi/lib/thumb/v7e-m+fp/hard\libm.a(libm_a-e_atan2.o)
 .rodata.atanlo
                0x0800dcb8       0x20 C:/ST/STM32CubeIDE_2.2.0/STM32CubeIDE/plugins/com.st.stm32cube.ide.mcu.externaltools.gnu-tools-for-stm32.14.3.rel1.win32_1.0.100.202602081740/tools/bin/../lib/gcc/arm-none-eabi/14.3.1/../../../../arm-none-eabi/lib/thumb/v7e-m+fp/hard\libm.a(libm_a-s_atan.o)
 .rodata.atanhi
                0x0800dcd8       0x20 C:/ST/STM32CubeIDE_2.2.0/STM32CubeIDE/plugins/com.st.stm32cube.ide.mcu.externaltools.gnu-tools-for-stm32.14.3.rel1.win32_1.0.100.202602081740/tools/bin/../lib/gcc/arm-none-eabi/14.3.1/../../../../arm-none-eabi/lib/thumb/v7e-m+fp/hard\libm.a(libm_a-s_atan.o)
 .rodata.CSWTCH.9
                0x0800dcf8        0xc C:/ST/STM32CubeIDE_2.2.0/STM32CubeIDE/plugins/com.st.stm32cube.ide.mcu.externaltools.gnu-tools-for-stm32.14.3.rel1.win32_1.0.100.202602081740/tools/bin/../lib/gcc/arm-none-eabi/14.3.1/../../../../arm-none-eabi/lib/thumb/v7e-m+fp/hard\libm.a(libm_a-ef_atan2.o)
 .rodata.CSWTCH.8
                0x0800dd04        0xc C:/ST/STM32CubeIDE_2.2.0/STM32CubeIDE/plugins/com.st.stm32cube.ide.mcu.externaltools.gnu-tools-for-stm32.14.3.rel1.win32_1.0.100.202602081740/tools/bin/../lib/gcc/arm-none-eabi/14.3.1/../../../../arm-none-eabi/lib/thumb/v7e-m+fp/hard\libm.a(libm_a-ef_atan2.o)
 .rodata.atanlo
                0x0800dd10       0x10 C:/ST/STM32CubeIDE_2.2.0/STM32CubeIDE/plugins/com.st.stm32cube.ide.mcu.externaltools.gnu-tools-for-stm32.14.3.rel1.win32_1.0.100.202602081740/tools/bin/../lib/gcc/arm-none-eabi/14.3.1/../../../../arm-none-eabi/lib/thumb/v7e-m+fp/hard\libm.a(libm_a-sf_atan.o)
 .rodata.atanhi
                0x0800dd20       0x10 C:/ST/STM32CubeIDE_2.2.0/STM32CubeIDE/plugins/com.st.stm32cube.ide.mcu.externaltools.gnu-tools-for-stm32.14.3.rel1.win32_1.0.100.202602081740/tools/bin/../lib/gcc/arm-none-eabi/14.3.1/../../../../arm-none-eabi/lib/thumb/v7e-m+fp/hard\libm.a(libm_a-sf_atan.o)
                0x0800dd30                        . = ALIGN (0x4)

.ARM.extab      0x0800dd30        0x0
                0x0800dd30                        . = ALIGN (0x4)
 *(.ARM.extab* .gnu.linkonce.armextab.*)
                0x0800dd30                        . = ALIGN (0x4)

.ARM            0x0800dd30        0x8
                0x0800dd30                        . = ALIGN (0x4)
                0x0800dd30                        __exidx_start = .
 *(.ARM.exidx*)
 .ARM.exidx     0x0800dd30        0x8 C:/ST/STM32CubeIDE_2.2.0/STM32CubeIDE/plugins/com.st.stm32cube.ide.mcu.externaltools.gnu-tools-for-stm32.14.3.rel1.win32_1.0.100.202602081740/tools/bin/../lib/gcc/arm-none-eabi/14.3.1/../../../../arm-none-eabi/lib/thumb/v7e-m+fp/hard\libc_nano.a(libc_a-strlen.o)
 .ARM.exidx     0x0800dd38        0x0 C:/ST/STM32CubeIDE_2.2.0/STM32CubeIDE/plugins/com.st.stm32cube.ide.mcu.externaltools.gnu-tools-for-stm32.14.3.rel1.win32_1.0.100.202602081740/tools/bin/../lib/gcc/arm-none-eabi/14.3.1/../../../../arm-none-eabi/lib/thumb/v7e-m+fp/hard\libc_nano.a(libc_a-memchr.o)
                                  0x8 (size before relaxing)
 .ARM.exidx     0x0800dd38        0x0 C:/ST/STM32CubeIDE_2.2.0/STM32CubeIDE/plugins/com.st.stm32cube.ide.mcu.externaltools.gnu-tools-for-stm32.14.3.rel1.win32_1.0.100.202602081740/tools/bin/../lib/gcc/arm-none-eabi/14.3.1/thumb/v7e-m+fp/hard\libgcc.a(_udivmoddi4.o)
                                  0x8 (size before relaxing)
                0x0800dd38                        __exidx_end = .
                0x0800dd38                        . = ALIGN (0x4)

.preinit_array  0x0800dd38        0x0
                0x0800dd38                        . = ALIGN (0x4)
                0x0800dd38                        PROVIDE (__preinit_array_start = .)
 *(.preinit_array*)
                0x0800dd38                        PROVIDE (__preinit_array_end = .)
                0x0800dd38                        . = ALIGN (0x4)

.init_array     0x0800dd38        0x4
                0x0800dd38                        . = ALIGN (0x4)
                0x0800dd38                        PROVIDE (__init_array_start = .)
 *(SORT_BY_NAME(.init_array.*))
 *(.init_array*)
 .init_array    0x0800dd38        0x4 C:/ST/STM32CubeIDE_2.2.0/STM32CubeIDE/plugins/com.st.stm32cube.ide.mcu.externaltools.gnu-tools-for-stm32.14.3.rel1.win32_1.0.100.202602081740/tools/bin/../lib/gcc/arm-none-eabi/14.3.1/thumb/v7e-m+fp/hard/crtbegin.o
                0x0800dd3c                        PROVIDE (__init_array_end = .)
                0x0800dd3c                        . = ALIGN (0x4)

.fini_array     0x0800dd3c        0x4
                0x0800dd3c                        . = ALIGN (0x4)
                [!provide]                        PROVIDE (__fini_array_start = .)
 *(SORT_BY_NAME(.fini_array.*))
 *(.fini_array*)
 .fini_array    0x0800dd3c        0x4 C:/ST/STM32CubeIDE_2.2.0/STM32CubeIDE/plugins/com.st.stm32cube.ide.mcu.externaltools.gnu-tools-for-stm32.14.3.rel1.win32_1.0.100.202602081740/tools/bin/../lib/gcc/arm-none-eabi/14.3.1/thumb/v7e-m+fp/hard/crtbegin.o
                [!provide]                        PROVIDE (__fini_array_end = .)
                0x0800dd40                        . = ALIGN (0x4)
                0x0800dd40                        _sidata = LOADADDR (.data)

.rel.dyn        0x0800dd40        0x0
 .rel.iplt      0x0800dd40        0x0 C:/ST/STM32CubeIDE_2.2.0/STM32CubeIDE/plugins/com.st.stm32cube.ide.mcu.externaltools.gnu-tools-for-stm32.14.3.rel1.win32_1.0.100.202602081740/tools/bin/../lib/gcc/arm-none-eabi/14.3.1/thumb/v7e-m+fp/hard/crtbegin.o

.data           0x20000000      0x14c load address 0x0800dd40
                0x20000000                        . = ALIGN (0x4)
                0x20000000                        _sdata = .
 *(.data)
 *(.data*)
 .data.SystemCoreClock
                0x20000000        0x4 ./Core/Src/system_stm32f4xx.o
                0x20000000                SystemCoreClock
 .data.uwTickPrio
                0x20000004        0x4 ./Drivers/STM32F4xx_HAL_Driver/Src/stm32f4xx_hal.o
                0x20000004                uwTickPrio
 .data.uwTickFreq
                0x20000008        0x1 ./Drivers/STM32F4xx_HAL_Driver/Src/stm32f4xx_hal.o
                0x20000008                uwTickFreq
 *fill*         0x20000009        0x3 
 .data.USBD_CDC_DeviceQualifierDesc
                0x2000000c        0xa ./Middlewares/ST/STM32_USB_Device_Library/Class/CDC/Src/usbd_cdc.o
 *fill*         0x20000016        0x2 
 .data.USBD_CDC
                0x20000018       0x38 ./Middlewares/ST/STM32_USB_Device_Library/Class/CDC/Src/usbd_cdc.o
                0x20000018                USBD_CDC
 .data.USBD_CDC_CfgDesc
                0x20000050       0x43 ./Middlewares/ST/STM32_USB_Device_Library/Class/CDC/Src/usbd_cdc.o
 .data.CDCInEpAdd
                0x20000093        0x1 ./Middlewares/ST/STM32_USB_Device_Library/Class/CDC/Src/usbd_cdc.o
 .data.CDCOutEpAdd
                0x20000094        0x1 ./Middlewares/ST/STM32_USB_Device_Library/Class/CDC/Src/usbd_cdc.o
 .data.CDCCmdEpAdd
                0x20000095        0x1 ./Middlewares/ST/STM32_USB_Device_Library/Class/CDC/Src/usbd_cdc.o
 *fill*         0x20000096        0x2 
 .data.USBD_Interface_fops_FS
                0x20000098       0x14 ./USB_DEVICE/App/usbd_cdc_if.o
                0x20000098                USBD_Interface_fops_FS
 .data.FS_Desc  0x200000ac       0x1c ./USB_DEVICE/App/usbd_desc.o
                0x200000ac                FS_Desc
 .data.USBD_FS_DeviceDesc
                0x200000c8       0x12 ./USB_DEVICE/App/usbd_desc.o
                0x200000c8                USBD_FS_DeviceDesc
 *fill*         0x200000da        0x2 
 .data.USBD_LangIDDesc
                0x200000dc        0x4 ./USB_DEVICE/App/usbd_desc.o
                0x200000dc                USBD_LangIDDesc
 .data.USBD_StringSerial
                0x200000e0       0x1a ./USB_DEVICE/App/usbd_desc.o
                0x200000e0                USBD_StringSerial
 *fill*         0x200000fa        0x2 
 .data._impure_ptr
                0x200000fc        0x4 C:/ST/STM32CubeIDE_2.2.0/STM32CubeIDE/plugins/com.st.stm32cube.ide.mcu.externaltools.gnu-tools-for-stm32.14.3.rel1.win32_1.0.100.202602081740/tools/bin/../lib/gcc/arm-none-eabi/14.3.1/../../../../arm-none-eabi/lib/thumb/v7e-m+fp/hard\libc_nano.a(libc_a-impure.o)
                0x200000fc                _impure_ptr
 .data._impure_data
                0x20000100       0x4c C:/ST/STM32CubeIDE_2.2.0/STM32CubeIDE/plugins/com.st.stm32cube.ide.mcu.externaltools.gnu-tools-for-stm32.14.3.rel1.win32_1.0.100.202602081740/tools/bin/../lib/gcc/arm-none-eabi/14.3.1/../../../../arm-none-eabi/lib/thumb/v7e-m+fp/hard\libc_nano.a(libc_a-impure.o)
                0x20000100                _impure_data
 *(.RamFunc)
 *(.RamFunc*)
                0x2000014c                        . = ALIGN (0x4)
                0x2000014c                        _edata = .

.igot.plt       0x2000014c        0x0 load address 0x0800de8c
 .igot.plt      0x2000014c        0x0 C:/ST/STM32CubeIDE_2.2.0/STM32CubeIDE/plugins/com.st.stm32cube.ide.mcu.externaltools.gnu-tools-for-stm32.14.3.rel1.win32_1.0.100.202602081740/tools/bin/../lib/gcc/arm-none-eabi/14.3.1/thumb/v7e-m+fp/hard/crtbegin.o
                0x2000014c                        . = ALIGN (0x4)

.bss            0x2000014c     0x1f7c load address 0x0800de8c
                0x2000014c                        _sbss = .
                0x2000014c                        __bss_start__ = _sbss
 *(.bss)
 .bss           0x2000014c       0x1c C:/ST/STM32CubeIDE_2.2.0/STM32CubeIDE/plugins/com.st.stm32cube.ide.mcu.externaltools.gnu-tools-for-stm32.14.3.rel1.win32_1.0.100.202602081740/tools/bin/../lib/gcc/arm-none-eabi/14.3.1/thumb/v7e-m+fp/hard/crtbegin.o
 *(.bss*)
 .bss.rx_data   0x20000168        0x1 ./Core/Src/gps.o
                0x20000168                rx_data
 *fill*         0x20000169        0x3 
 .bss.GPS       0x2000016c       0x58 ./Core/Src/gps.o
                0x2000016c                GPS
 .bss.hi2c1     0x200001c4       0x54 ./Core/Src/main.o
                0x200001c4                hi2c1
 .bss.hspi2     0x20000218       0x58 ./Core/Src/main.o
                0x20000218                hspi2
 .bss.huart1    0x20000270       0x48 ./Core/Src/main.o
                0x20000270                huart1
 .bss.MPU9250   0x200002b8       0x58 ./Core/Src/main.o
                0x200002b8                MPU9250
 .bss.bmp280    0x20000310       0x28 ./Core/Src/main.o
 .bss.qmc       0x20000338       0x2c ./Core/Src/main.o
                0x20000338                qmc
 .bss.qmc_dataReady
                0x20000364        0x1 ./Core/Src/main.o
                0x20000364                qmc_dataReady
 *fill*         0x20000365        0x3 
 .bss.myLora    0x20000368       0x2c ./Core/Src/main.o
                0x20000368                myLora
 .bss.__sbrk_heap_end
                0x20000394        0x4 ./Core/Src/sysmem.o
 .bss.uwTick    0x20000398        0x4 ./Drivers/STM32F4xx_HAL_Driver/Src/stm32f4xx_hal.o
                0x20000398                uwTick
 .bss.cfgidx.0  0x2000039c        0x1 ./Middlewares/ST/STM32_USB_Device_Library/Core/Src/usbd_ctlreq.o
 *fill*         0x2000039d        0x3 
 .bss.hUsbDeviceFS
                0x200003a0      0x2dc ./USB_DEVICE/App/usb_device.o
                0x200003a0                hUsbDeviceFS
 .bss.UserRxBufferFS
                0x2000067c      0x800 ./USB_DEVICE/App/usbd_cdc_if.o
                0x2000067c                UserRxBufferFS
 .bss.UserTxBufferFS
                0x20000e7c      0x800 ./USB_DEVICE/App/usbd_cdc_if.o
                0x20000e7c                UserTxBufferFS
 .bss.USBD_StrDesc
                0x2000167c      0x200 ./USB_DEVICE/App/usbd_desc.o
                0x2000167c                USBD_StrDesc
 .bss.hpcd_USB_OTG_FS
                0x2000187c      0x4e4 ./USB_DEVICE/Target/usbd_conf.o
                0x2000187c                hpcd_USB_OTG_FS
 .bss.mem.0     0x20001d60      0x220 ./USB_DEVICE/Target/usbd_conf.o
 .bss.__sf      0x20001f80      0x138 C:/ST/STM32CubeIDE_2.2.0/STM32CubeIDE/plugins/com.st.stm32cube.ide.mcu.externaltools.gnu-tools-for-stm32.14.3.rel1.win32_1.0.100.202602081740/tools/bin/../lib/gcc/arm-none-eabi/14.3.1/../../../../arm-none-eabi/lib/thumb/v7e-m+fp/hard\libc_nano.a(libc_a-findfp.o)
                0x20001f80                __sf
 .bss.errno     0x200020b8        0x4 C:/ST/STM32CubeIDE_2.2.0/STM32CubeIDE/plugins/com.st.stm32cube.ide.mcu.externaltools.gnu-tools-for-stm32.14.3.rel1.win32_1.0.100.202602081740/tools/bin/../lib/gcc/arm-none-eabi/14.3.1/../../../../arm-none-eabi/lib/thumb/v7e-m+fp/hard\libc_nano.a(libc_a-reent.o)
                0x200020b8                errno
 .bss.__lock___malloc_recursive_mutex
                0x200020bc        0x1 C:/ST/STM32CubeIDE_2.2.0/STM32CubeIDE/plugins/com.st.stm32cube.ide.mcu.externaltools.gnu-tools-for-stm32.14.3.rel1.win32_1.0.100.202602081740/tools/bin/../lib/gcc/arm-none-eabi/14.3.1/../../../../arm-none-eabi/lib/thumb/v7e-m+fp/hard\libc_nano.a(libc_a-lock.o)
                0x200020bc                __lock___malloc_recursive_mutex
 *fill*         0x200020bd        0x3 
 .bss.__malloc_sbrk_start
                0x200020c0        0x4 C:/ST/STM32CubeIDE_2.2.0/STM32CubeIDE/plugins/com.st.stm32cube.ide.mcu.externaltools.gnu-tools-for-stm32.14.3.rel1.win32_1.0.100.202602081740/tools/bin/../lib/gcc/arm-none-eabi/14.3.1/../../../../arm-none-eabi/lib/thumb/v7e-m+fp/hard\libc_nano.a(libc_a-mallocr.o)
                0x200020c0                __malloc_sbrk_start
 .bss.__malloc_free_list
                0x200020c4        0x4 C:/ST/STM32CubeIDE_2.2.0/STM32CubeIDE/plugins/com.st.stm32cube.ide.mcu.externaltools.gnu-tools-for-stm32.14.3.rel1.win32_1.0.100.202602081740/tools/bin/../lib/gcc/arm-none-eabi/14.3.1/../../../../arm-none-eabi/lib/thumb/v7e-m+fp/hard\libc_nano.a(libc_a-mallocr.o)
                0x200020c4                __malloc_free_list
 *(COMMON)
                0x200020c8                        . = ALIGN (0x4)
                0x200020c8                        _ebss = .
                0x200020c8                        __bss_end__ = _ebss

._user_heap_stack
                0x200020c8      0x600 load address 0x0800de8c
                0x200020c8                        . = ALIGN (0x8)
                [!provide]                        PROVIDE (end = .)
                0x200020c8                        PROVIDE (_end = .)
                0x200022c8                        . = (. + _Min_Heap_Size)
 *fill*         0x200020c8      0x200 
                0x200026c8                        . = (. + _Min_Stack_Size)
 *fill*         0x200022c8      0x400 
                0x200026c8                        . = ALIGN (0x8)

/DISCARD/
 libc.a(*)
 libm.a(*)
 libgcc.a(*)

.ARM.attributes
                0x00000000       0x30
 *(.ARM.attributes)
 .ARM.attributes
                0x00000000       0x22 C:/ST/STM32CubeIDE_2.2.0/STM32CubeIDE/plugins/com.st.stm32cube.ide.mcu.externaltools.gnu-tools-for-stm32.14.3.rel1.win32_1.0.100.202602081740/tools/bin/../lib/gcc/arm-none-eabi/14.3.1/thumb/v7e-m+fp/hard/crti.o
 .ARM.attributes
                0x00000022       0x34 C:/ST/STM32CubeIDE_2.2.0/STM32CubeIDE/plugins/com.st.stm32cube.ide.mcu.externaltools.gnu-tools-for-stm32.14.3.rel1.win32_1.0.100.202602081740/tools/bin/../lib/gcc/arm-none-eabi/14.3.1/thumb/v7e-m+fp/hard/crtbegin.o
 .ARM.attributes
                0x00000056       0x34 ./Core/Src/BMP280.o
 .ARM.attributes
                0x0000008a       0x34 ./Core/Src/LoRa.o
 .ARM.attributes
                0x000000be       0x34 ./Core/Src/MPU9250.o
 .ARM.attributes
                0x000000f2       0x34 ./Core/Src/gps.o
 .ARM.attributes
                0x00000126       0x34 ./Core/Src/main.o
 .ARM.attributes
                0x0000015a       0x34 ./Core/Src/qmc5883p.o
 .ARM.attributes
                0x0000018e       0x34 ./Core/Src/sdcard.o
 .ARM.attributes
                0x000001c2       0x34 ./Core/Src/stm32f4xx_hal_msp.o
 .ARM.attributes
                0x000001f6       0x34 ./Core/Src/stm32f4xx_it.o
 .ARM.attributes
                0x0000022a       0x34 ./Core/Src/sysmem.o
 .ARM.attributes
                0x0000025e       0x34 ./Core/Src/system_stm32f4xx.o
 .ARM.attributes
                0x00000292       0x21 ./Core/Startup/startup_stm32f411ccux.o
 .ARM.attributes
                0x000002b3       0x34 ./Drivers/STM32F4xx_HAL_Driver/Src/stm32f4xx_hal.o
 .ARM.attributes
                0x000002e7       0x34 ./Drivers/STM32F4xx_HAL_Driver/Src/stm32f4xx_hal_cortex.o
 .ARM.attributes
                0x0000031b       0x34 ./Drivers/STM32F4xx_HAL_Driver/Src/stm32f4xx_hal_gpio.o
 .ARM.attributes
                0x0000034f       0x34 ./Drivers/STM32F4xx_HAL_Driver/Src/stm32f4xx_hal_i2c.o
 .ARM.attributes
                0x00000383       0x34 ./Drivers/STM32F4xx_HAL_Driver/Src/stm32f4xx_hal_pcd.o
 .ARM.attributes
                0x000003b7       0x34 ./Drivers/STM32F4xx_HAL_Driver/Src/stm32f4xx_hal_pcd_ex.o
 .ARM.attributes
                0x000003eb       0x34 ./Drivers/STM32F4xx_HAL_Driver/Src/stm32f4xx_hal_rcc.o
 .ARM.attributes
                0x0000041f       0x34 ./Drivers/STM32F4xx_HAL_Driver/Src/stm32f4xx_hal_spi.o
 .ARM.attributes
                0x00000453       0x34 ./Drivers/STM32F4xx_HAL_Driver/Src/stm32f4xx_hal_uart.o
 .ARM.attributes
                0x00000487       0x34 ./Drivers/STM32F4xx_HAL_Driver/Src/stm32f4xx_ll_usb.o
 .ARM.attributes
                0x000004bb       0x34 ./Middlewares/ST/STM32_USB_Device_Library/Class/CDC/Src/usbd_cdc.o
 .ARM.attributes
                0x000004ef       0x34 ./Middlewares/ST/STM32_USB_Device_Library/Core/Src/usbd_core.o
 .ARM.attributes
                0x00000523       0x34 ./Middlewares/ST/STM32_USB_Device_Library/Core/Src/usbd_ctlreq.o
 .ARM.attributes
                0x00000557       0x34 ./Middlewares/ST/STM32_USB_Device_Library/Core/Src/usbd_ioreq.o
 .ARM.attributes
                0x0000058b       0x34 ./USB_DEVICE/App/usb_device.o
 .ARM.attributes
                0x000005bf       0x34 ./USB_DEVICE/App/usbd_cdc_if.o
 .ARM.attributes
                0x000005f3       0x34 ./USB_DEVICE/App/usbd_desc.o
 .ARM.attributes
                0x00000627       0x34 ./USB_DEVICE/Target/usbd_conf.o
 .ARM.attributes
                0x0000065b       0x34 C:/ST/STM32CubeIDE_2.2.0/STM32CubeIDE/plugins/com.st.stm32cube.ide.mcu.externaltools.gnu-tools-for-stm32.14.3.rel1.win32_1.0.100.202602081740/tools/bin/../lib/gcc/arm-none-eabi/14.3.1/../../../../arm-none-eabi/lib/thumb/v7e-m+fp/hard\libc_nano.a(libc_a-findfp.o)
 .ARM.attributes
                0x0000068f       0x34 C:/ST/STM32CubeIDE_2.2.0/STM32CubeIDE/plugins/com.st.stm32cube.ide.mcu.externaltools.gnu-tools-for-stm32.14.3.rel1.win32_1.0.100.202602081740/tools/bin/../lib/gcc/arm-none-eabi/14.3.1/../../../../arm-none-eabi/lib/thumb/v7e-m+fp/hard\libc_nano.a(libc_a-vsnprintf.o)