../Core/Src/main.c:86:6:USB_Print	16	static
../Core/Src/main.c:91:6:USB_Printf	144	static
../Core/Src/main.c:107:5:main	1704	static
../Core/Src/main.c:347:6:SystemClock_Config	88	static
../Core/Src/main.c:393:13:MX_I2C1_Init	8	static
../Core/Src/main.c:427:13:MX_SPI2_Init	8	static
../Core/Src/main.c:465:13:MX_USART1_UART_Init	8	static
../Core/Src/main.c:505:13:MX_GPIO_Init	48	static
../Core/Src/main.c:568:6:HAL_GPIO_EXTI_Callback	16	static
../Core/Src/main.c:576:6:HAL_UART_RxCpltCallback	16	static
../Core/Src/main.c:590:6:Error_Handler	4	static,ignoring_inline_asm
